/scratch/rxc5747/conda_envs/neurosim/lib/python3.11/site-packages/torchvision/datasets/cifar.py:83: VisibleDeprecationWarning: dtype(): align should be passed as Python or NumPy boolean but got `align=0`. Did you mean to pass a tuple to create a subarray type? (Deprecated NumPy 2.4)
  entry = pickle.load(f, encoding="latin1")
WARNING: Logging before flag parsing goes to stderr.
I0918 22:55:35.629644 140578680584000 _utils.py:224] Input is fake quantized to 8 bits in CIMConv2d with axis None!
Input is fake quantized to 8 bits in CIMConv2d with axis None!
I0918 22:55:35.629781 140578680584000 _utils.py:227] Weight is fake quantized to 8 bits in CIMConv2d with axis 0!
Weight is fake quantized to 8 bits in CIMConv2d with axis 0!
I0918 22:55:35.629822 140578680584000 _utils.py:230] Output is fake quantized to 7 bits in CIMConv2d with axis None!
Output is fake quantized to 7 bits in CIMConv2d with axis None!
I0918 22:55:35.650913 140578680584000 _utils.py:224] Input is fake quantized to 8 bits in CIMConv2d with axis None!
Input is fake quantized to 8 bits in CIMConv2d with axis None!
I0918 22:55:35.651019 140578680584000 _utils.py:227] Weight is fake quantized to 8 bits in CIMConv2d with axis 0!
Weight is fake quantized to 8 bits in CIMConv2d with axis 0!
I0918 22:55:35.651056 140578680584000 _utils.py:230] Output is fake quantized to 7 bits in CIMConv2d with axis None!
Output is fake quantized to 7 bits in CIMConv2d with axis None!
I0918 22:55:35.652366 140578680584000 _utils.py:224] Input is fake quantized to 8 bits in CIMConv2d with axis None!
Input is fake quantized to 8 bits in CIMConv2d with axis None!
I0918 22:55:35.652434 140578680584000 _utils.py:227] Weight is fake quantized to 8 bits in CIMConv2d with axis 0!
Weight is fake quantized to 8 bits in CIMConv2d with axis 0!
I0918 22:55:35.652479 140578680584000 _utils.py:230] Output is fake quantized to 7 bits in CIMConv2d with axis None!
Output is fake quantized to 7 bits in CIMConv2d with axis None!
I0918 22:55:35.654008 140578680584000 _utils.py:224] Input is fake quantized to 8 bits in CIMConv2d with axis None!
Input is fake quantized to 8 bits in CIMConv2d with axis None!
I0918 22:55:35.654064 140578680584000 _utils.py:227] Weight is fake quantized to 8 bits in CIMConv2d with axis 0!
Weight is fake quantized to 8 bits in CIMConv2d with axis 0!
I0918 22:55:35.654094 140578680584000 _utils.py:230] Output is fake quantized to 7 bits in CIMConv2d with axis None!
Output is fake quantized to 7 bits in CIMConv2d with axis None!
I0918 22:55:35.655310 140578680584000 _utils.py:224] Input is fake quantized to 8 bits in CIMConv2d with axis None!
Input is fake quantized to 8 bits in CIMConv2d with axis None!
I0918 22:55:35.655365 140578680584000 _utils.py:227] Weight is fake quantized to 8 bits in CIMConv2d with axis 0!
Weight is fake quantized to 8 bits in CIMConv2d with axis 0!
I0918 22:55:35.655395 140578680584000 _utils.py:230] Output is fake quantized to 7 bits in CIMConv2d with axis None!
Output is fake quantized to 7 bits in CIMConv2d with axis None!
I0918 22:55:35.656716 140578680584000 _utils.py:224] Input is fake quantized to 8 bits in CIMConv2d with axis None!
Input is fake quantized to 8 bits in CIMConv2d with axis None!
I0918 22:55:35.656769 140578680584000 _utils.py:227] Weight is fake quantized to 8 bits in CIMConv2d with axis 0!
Weight is fake quantized to 8 bits in CIMConv2d with axis 0!
I0918 22:55:35.656799 140578680584000 _utils.py:230] Output is fake quantized to 7 bits in CIMConv2d with axis None!
Output is fake quantized to 7 bits in CIMConv2d with axis None!
I0918 22:55:35.658283 140578680584000 _utils.py:224] Input is fake quantized to 8 bits in CIMConv2d with axis None!
Input is fake quantized to 8 bits in CIMConv2d with axis None!
I0918 22:55:35.658335 140578680584000 _utils.py:227] Weight is fake quantized to 8 bits in CIMConv2d with axis 0!
Weight is fake quantized to 8 bits in CIMConv2d with axis 0!
I0918 22:55:35.658367 140578680584000 _utils.py:230] Output is fake quantized to 7 bits in CIMConv2d with axis None!
Output is fake quantized to 7 bits in CIMConv2d with axis None!
I0918 22:55:35.659515 140578680584000 _utils.py:224] Input is fake quantized to 8 bits in CIMConv2d with axis None!
Input is fake quantized to 8 bits in CIMConv2d with axis None!
I0918 22:55:35.659569 140578680584000 _utils.py:227] Weight is fake quantized to 8 bits in CIMConv2d with axis 0!
Weight is fake quantized to 8 bits in CIMConv2d with axis 0!
I0918 22:55:35.659598 140578680584000 _utils.py:230] Output is fake quantized to 7 bits in CIMConv2d with axis None!
Output is fake quantized to 7 bits in CIMConv2d with axis None!
I0918 22:55:35.661135 140578680584000 _utils.py:224] Input is fake quantized to 8 bits in CIMConv2d with axis None!
Input is fake quantized to 8 bits in CIMConv2d with axis None!
I0918 22:55:35.661188 140578680584000 _utils.py:227] Weight is fake quantized to 8 bits in CIMConv2d with axis 0!
Weight is fake quantized to 8 bits in CIMConv2d with axis 0!
I0918 22:55:35.661217 140578680584000 _utils.py:230] Output is fake quantized to 7 bits in CIMConv2d with axis None!
Output is fake quantized to 7 bits in CIMConv2d with axis None!
I0918 22:55:35.662705 140578680584000 _utils.py:224] Input is fake quantized to 8 bits in CIMConv2d with axis None!
Input is fake quantized to 8 bits in CIMConv2d with axis None!
I0918 22:55:35.662757 140578680584000 _utils.py:227] Weight is fake quantized to 8 bits in CIMConv2d with axis 0!
Weight is fake quantized to 8 bits in CIMConv2d with axis 0!
I0918 22:55:35.662786 140578680584000 _utils.py:230] Output is fake quantized to 7 bits in CIMConv2d with axis None!
Output is fake quantized to 7 bits in CIMConv2d with axis None!
I0918 22:55:35.664676 140578680584000 _utils.py:224] Input is fake quantized to 8 bits in CIMConv2d with axis None!
Input is fake quantized to 8 bits in CIMConv2d with axis None!
I0918 22:55:35.664731 140578680584000 _utils.py:227] Weight is fake quantized to 8 bits in CIMConv2d with axis 0!
Weight is fake quantized to 8 bits in CIMConv2d with axis 0!
I0918 22:55:35.664761 140578680584000 _utils.py:230] Output is fake quantized to 7 bits in CIMConv2d with axis None!
Output is fake quantized to 7 bits in CIMConv2d with axis None!
I0918 22:55:35.667392 140578680584000 _utils.py:224] Input is fake quantized to 8 bits in CIMConv2d with axis None!
Input is fake quantized to 8 bits in CIMConv2d with axis None!
I0918 22:55:35.667448 140578680584000 _utils.py:227] Weight is fake quantized to 8 bits in CIMConv2d with axis 0!
Weight is fake quantized to 8 bits in CIMConv2d with axis 0!
I0918 22:55:35.667479 140578680584000 _utils.py:230] Output is fake quantized to 7 bits in CIMConv2d with axis None!
Output is fake quantized to 7 bits in CIMConv2d with axis None!
I0918 22:55:35.668710 140578680584000 _utils.py:224] Input is fake quantized to 8 bits in CIMConv2d with axis None!
Input is fake quantized to 8 bits in CIMConv2d with axis None!
I0918 22:55:35.668764 140578680584000 _utils.py:227] Weight is fake quantized to 8 bits in CIMConv2d with axis 0!
Weight is fake quantized to 8 bits in CIMConv2d with axis 0!
I0918 22:55:35.668794 140578680584000 _utils.py:230] Output is fake quantized to 7 bits in CIMConv2d with axis None!
Output is fake quantized to 7 bits in CIMConv2d with axis None!
I0918 22:55:35.671436 140578680584000 _utils.py:224] Input is fake quantized to 8 bits in CIMConv2d with axis None!
Input is fake quantized to 8 bits in CIMConv2d with axis None!
I0918 22:55:35.671492 140578680584000 _utils.py:227] Weight is fake quantized to 8 bits in CIMConv2d with axis 0!
Weight is fake quantized to 8 bits in CIMConv2d with axis 0!
I0918 22:55:35.671521 140578680584000 _utils.py:230] Output is fake quantized to 7 bits in CIMConv2d with axis None!
Output is fake quantized to 7 bits in CIMConv2d with axis None!
I0918 22:55:35.674154 140578680584000 _utils.py:224] Input is fake quantized to 8 bits in CIMConv2d with axis None!
Input is fake quantized to 8 bits in CIMConv2d with axis None!
I0918 22:55:35.674208 140578680584000 _utils.py:227] Weight is fake quantized to 8 bits in CIMConv2d with axis 0!
Weight is fake quantized to 8 bits in CIMConv2d with axis 0!
I0918 22:55:35.674236 140578680584000 _utils.py:230] Output is fake quantized to 7 bits in CIMConv2d with axis None!
Output is fake quantized to 7 bits in CIMConv2d with axis None!
I0918 22:55:35.678415 140578680584000 _utils.py:224] Input is fake quantized to 8 bits in CIMConv2d with axis None!
Input is fake quantized to 8 bits in CIMConv2d with axis None!
I0918 22:55:35.678476 140578680584000 _utils.py:227] Weight is fake quantized to 8 bits in CIMConv2d with axis 0!
Weight is fake quantized to 8 bits in CIMConv2d with axis 0!
I0918 22:55:35.678505 140578680584000 _utils.py:230] Output is fake quantized to 7 bits in CIMConv2d with axis None!
Output is fake quantized to 7 bits in CIMConv2d with axis None!
I0918 22:55:35.685696 140578680584000 _utils.py:224] Input is fake quantized to 8 bits in CIMConv2d with axis None!
Input is fake quantized to 8 bits in CIMConv2d with axis None!
I0918 22:55:35.685755 140578680584000 _utils.py:227] Weight is fake quantized to 8 bits in CIMConv2d with axis 0!
Weight is fake quantized to 8 bits in CIMConv2d with axis 0!
I0918 22:55:35.685784 140578680584000 _utils.py:230] Output is fake quantized to 7 bits in CIMConv2d with axis None!
Output is fake quantized to 7 bits in CIMConv2d with axis None!
I0918 22:55:35.687317 140578680584000 _utils.py:224] Input is fake quantized to 8 bits in CIMConv2d with axis None!
Input is fake quantized to 8 bits in CIMConv2d with axis None!
I0918 22:55:35.687370 140578680584000 _utils.py:227] Weight is fake quantized to 8 bits in CIMConv2d with axis 0!
Weight is fake quantized to 8 bits in CIMConv2d with axis 0!
I0918 22:55:35.687400 140578680584000 _utils.py:230] Output is fake quantized to 7 bits in CIMConv2d with axis None!
Output is fake quantized to 7 bits in CIMConv2d with axis None!
I0918 22:55:35.694636 140578680584000 _utils.py:224] Input is fake quantized to 8 bits in CIMConv2d with axis None!
Input is fake quantized to 8 bits in CIMConv2d with axis None!
I0918 22:55:35.694696 140578680584000 _utils.py:227] Weight is fake quantized to 8 bits in CIMConv2d with axis 0!
Weight is fake quantized to 8 bits in CIMConv2d with axis 0!
I0918 22:55:35.694727 140578680584000 _utils.py:230] Output is fake quantized to 7 bits in CIMConv2d with axis None!
Output is fake quantized to 7 bits in CIMConv2d with axis None!
I0918 22:55:35.702382 140578680584000 _utils.py:224] Input is fake quantized to 8 bits in CIMConv2d with axis None!
Input is fake quantized to 8 bits in CIMConv2d with axis None!
I0918 22:55:35.702445 140578680584000 _utils.py:227] Weight is fake quantized to 8 bits in CIMConv2d with axis 0!
Weight is fake quantized to 8 bits in CIMConv2d with axis 0!
I0918 22:55:35.702475 140578680584000 _utils.py:230] Output is fake quantized to 7 bits in CIMConv2d with axis None!
Output is fake quantized to 7 bits in CIMConv2d with axis None!
I0918 22:55:35.703617 140578680584000 _utils.py:305] Input is fake quantized to 8 bits in CIMAdaptiveAvgPool2d with axis None!
Input is fake quantized to 8 bits in CIMAdaptiveAvgPool2d with axis None!
I0918 22:55:35.704417 140578680584000 _utils.py:224] Input is fake quantized to 8 bits in CIMLinear with axis None!
Input is fake quantized to 8 bits in CIMLinear with axis None!
I0918 22:55:35.704465 140578680584000 _utils.py:227] Weight is fake quantized to 8 bits in CIMLinear with axis 0!
Weight is fake quantized to 8 bits in CIMLinear with axis 0!
I0918 22:55:35.704494 140578680584000 _utils.py:230] Output is fake quantized to 7 bits in CIMLinear with axis None!
Output is fake quantized to 7 bits in CIMLinear with axis None!
log/default/adc_axis=None/adc_calib_method=max/adc_enable=1/adc_precision=7/adc_quant_method=scale/batch_size=400/bitcell=1/calib_batch_size=128/dac_precision=1/dataset=cifar10/detect=0/hardware=1/input_axis=None/input_calib_method=max/input_precision=8/mem_states_file=mem_states.csv/mem_type=capacitive/mode=TensorRT/model=resnet18/num_batches=-1/off_state=0.006/on_state=1.02e-11/optimize_adc=0/output_noise=0.0/output_noise_file=/parallel_read=64/ppa=1/rate_stuck_0=0.0/rate_stuck_1=0.0/read_noise=0.0/seed=1234/sub_array=[4096, 64]/t=1/target=0.0/test_name=test/v=0.0/v_list=[0.005, 0.005, 0.005, 0.005, 0.005, 0.005, 0.005, 0.005]/vdd=1/weight_axis=0/weight_calib_method=max/weight_precision=8
=================FLAGS==================
dataset: cifar10
model: resnet18
data_path: ./datasets
model_path: ./models/
test_name: test
mode: TensorRT
gpu: 0
batch_size: 400
calib_batch_size: 128
seed: 1234
logdir: log/default/adc_axis=None/adc_calib_method=max/adc_enable=1/adc_precision=7/adc_quant_method=scale/batch_size=400/bitcell=1/calib_batch_size=128/dac_precision=1/dataset=cifar10/detect=0/hardware=1/input_axis=None/input_calib_method=max/input_precision=8/mem_states_file=mem_states.csv/mem_type=capacitive/mode=TensorRT/model=resnet18/num_batches=-1/off_state=0.006/on_state=1.02e-11/optimize_adc=0/output_noise=0.0/output_noise_file=/parallel_read=64/ppa=1/rate_stuck_0=0.0/rate_stuck_1=0.0/read_noise=0.0/seed=1234/sub_array=[4096, 64]/t=1/target=0.0/test_name=test/v=0.0/v_list=[0.005, 0.005, 0.005, 0.005, 0.005, 0.005, 0.005, 0.005]/vdd=1/weight_axis=0/weight_calib_method=max/weight_precision=8
hardware: 1
ppa: 1
num_batches: -1
sub_array: [4096, 64]
parallel_read: 64
weight_precision: 8
input_precision: 8
dac_precision: 1
adc_precision: 7
bitcell: 1
mem_type: capacitive
off_state: 0.006
on_state: 1.02e-11
mem_states_file: mem_states.csv
vdd: 1
read_noise: 0.0
output_noise: 0.0
output_noise_file: 
t: 1
v: 0.0
v_list: [0.005, 0.005, 0.005, 0.005, 0.005, 0.005, 0.005, 0.005]
detect: 0
target: 0.0
rate_stuck_0: 0.0
rate_stuck_1: 0.0
input_calib_method: max
weight_calib_method: max
adc_calib_method: max
input_axis: None
weight_axis: 0
adc_axis: None
adc_quant_method: scale
optimize_adc: 0
adc_enable: 1
logger: <bound method Logger.info of <pytorch_quantization.utils.misc.Logger object at 0x7fd93cde3810>>
========================================

Running in-memory computing functional simulation of resnet18 on cifar10 dataset...
Building CIFAR-10 data loader with 1 workers
Building CIFAR-10 data loader with 1 workers

Loading pretrained model ./models/resnet18_cifar10.pth...
ResNet(
  (conv1): Sequential(
    (0): CIMConv2d(
      3, 64, kernel_size=(3, 3), stride=(1, 1), padding=(1, 1), bias=False
      (_input_quantizer): TensorQuantizer(8bit fake per-tensor amax=dynamic calibrator=MaxCalibrator scale=1.0 quant)
      (_weight_quantizer): TensorQuantizer(8bit fake axis=0 amax=dynamic calibrator=MaxCalibrator scale=1.0 quant)
      (_adc_quantizer): TensorQuantizer(unsigned 7bit fake per-tensor amax=dynamic calibrator=MaxCalibrator scale=1.0 quant)
    )
    (1): BatchNorm2d(64, eps=1e-05, momentum=0.1, affine=True, track_running_stats=True)
    (2): ReLU(inplace=True)
  )
  (conv2_x): Sequential(
    (0): BasicBlock(
      (residual_function): Sequential(
        (0): CIMConv2d(
          64, 64, kernel_size=(3, 3), stride=(1, 1), padding=(1, 1), bias=False
          (_input_quantizer): TensorQuantizer(8bit fake per-tensor amax=dynamic calibrator=MaxCalibrator scale=1.0 quant)
          (_weight_quantizer): TensorQuantizer(8bit fake axis=0 amax=dynamic calibrator=MaxCalibrator scale=1.0 quant)
          (_adc_quantizer): TensorQuantizer(unsigned 7bit fake per-tensor amax=dynamic calibrator=MaxCalibrator scale=1.0 quant)
        )
        (1): BatchNorm2d(64, eps=1e-05, momentum=0.1, affine=True, track_running_stats=True)
        (2): ReLU(inplace=True)
        (3): CIMConv2d(
          64, 64, kernel_size=(3, 3), stride=(1, 1), padding=(1, 1), bias=False
          (_input_quantizer): TensorQuantizer(8bit fake per-tensor amax=dynamic calibrator=MaxCalibrator scale=1.0 quant)
          (_weight_quantizer): TensorQuantizer(8bit fake axis=0 amax=dynamic calibrator=MaxCalibrator scale=1.0 quant)
          (_adc_quantizer): TensorQuantizer(unsigned 7bit fake per-tensor amax=dynamic calibrator=MaxCalibrator scale=1.0 quant)
        )
        (4): BatchNorm2d(64, eps=1e-05, momentum=0.1, affine=True, track_running_stats=True)
      )
      (shortcut): Sequential()
    )
    (1): BasicBlock(
      (residual_function): Sequential(
        (0): CIMConv2d(
          64, 64, kernel_size=(3, 3), stride=(1, 1), padding=(1, 1), bias=False
          (_input_quantizer): TensorQuantizer(8bit fake per-tensor amax=dynamic calibrator=MaxCalibrator scale=1.0 quant)
          (_weight_quantizer): TensorQuantizer(8bit fake axis=0 amax=dynamic calibrator=MaxCalibrator scale=1.0 quant)
          (_adc_quantizer): TensorQuantizer(unsigned 7bit fake per-tensor amax=dynamic calibrator=MaxCalibrator scale=1.0 quant)
        )
        (1): BatchNorm2d(64, eps=1e-05, momentum=0.1, affine=True, track_running_stats=True)
        (2): ReLU(inplace=True)
        (3): CIMConv2d(
          64, 64, kernel_size=(3, 3), stride=(1, 1), padding=(1, 1), bias=False
          (_input_quantizer): TensorQuantizer(8bit fake per-tensor amax=dynamic calibrator=MaxCalibrator scale=1.0 quant)
          (_weight_quantizer): TensorQuantizer(8bit fake axis=0 amax=dynamic calibrator=MaxCalibrator scale=1.0 quant)
          (_adc_quantizer): TensorQuantizer(unsigned 7bit fake per-tensor amax=dynamic calibrator=MaxCalibrator scale=1.0 quant)
        )
        (4): BatchNorm2d(64, eps=1e-05, momentum=0.1, affine=True, track_running_stats=True)
      )
      (shortcut): Sequential()
    )
  )
  (conv3_x): Sequential(
    (0): BasicBlock(
      (residual_function): Sequential(
        (0): CIMConv2d(
          64, 128, kernel_size=(3, 3), stride=(2, 2), padding=(1, 1), bias=False
          (_input_quantizer): TensorQuantizer(8bit fake per-tensor amax=dynamic calibrator=MaxCalibrator scale=1.0 quant)
          (_weight_quantizer): TensorQuantizer(8bit fake axis=0 amax=dynamic calibrator=MaxCalibrator scale=1.0 quant)
          (_adc_quantizer): TensorQuantizer(unsigned 7bit fake per-tensor amax=dynamic calibrator=MaxCalibrator scale=1.0 quant)
        )
        (1): BatchNorm2d(128, eps=1e-05, momentum=0.1, affine=True, track_running_stats=True)
        (2): ReLU(inplace=True)
        (3): CIMConv2d(
          128, 128, kernel_size=(3, 3), stride=(1, 1), padding=(1, 1), bias=False
          (_input_quantizer): TensorQuantizer(8bit fake per-tensor amax=dynamic calibrator=MaxCalibrator scale=1.0 quant)
          (_weight_quantizer): TensorQuantizer(8bit fake axis=0 amax=dynamic calibrator=MaxCalibrator scale=1.0 quant)
          (_adc_quantizer): TensorQuantizer(unsigned 7bit fake per-tensor amax=dynamic calibrator=MaxCalibrator scale=1.0 quant)
        )
        (4): BatchNorm2d(128, eps=1e-05, momentum=0.1, affine=True, track_running_stats=True)
      )
      (shortcut): Sequential(
        (0): CIMConv2d(
          64, 128, kernel_size=(1, 1), stride=(2, 2), bias=False
          (_input_quantizer): TensorQuantizer(8bit fake per-tensor amax=dynamic calibrator=MaxCalibrator scale=1.0 quant)
          (_weight_quantizer): TensorQuantizer(8bit fake axis=0 amax=dynamic calibrator=MaxCalibrator scale=1.0 quant)
          (_adc_quantizer): TensorQuantizer(unsigned 7bit fake per-tensor amax=dynamic calibrator=MaxCalibrator scale=1.0 quant)
        )
        (1): BatchNorm2d(128, eps=1e-05, momentum=0.1, affine=True, track_running_stats=True)
      )
    )
    (1): BasicBlock(
      (residual_function): Sequential(
        (0): CIMConv2d(
          128, 128, kernel_size=(3, 3), stride=(1, 1), padding=(1, 1), bias=False
          (_input_quantizer): TensorQuantizer(8bit fake per-tensor amax=dynamic calibrator=MaxCalibrator scale=1.0 quant)
          (_weight_quantizer): TensorQuantizer(8bit fake axis=0 amax=dynamic calibrator=MaxCalibrator scale=1.0 quant)
          (_adc_quantizer): TensorQuantizer(unsigned 7bit fake per-tensor amax=dynamic calibrator=MaxCalibrator scale=1.0 quant)
        )
        (1): BatchNorm2d(128, eps=1e-05, momentum=0.1, affine=True, track_running_stats=True)
        (2): ReLU(inplace=True)
        (3): CIMConv2d(
          128, 128, kernel_size=(3, 3), stride=(1, 1), padding=(1, 1), bias=False
          (_input_quantizer): TensorQuantizer(8bit fake per-tensor amax=dynamic calibrator=MaxCalibrator scale=1.0 quant)
          (_weight_quantizer): TensorQuantizer(8bit fake axis=0 amax=dynamic calibrator=MaxCalibrator scale=1.0 quant)
          (_adc_quantizer): TensorQuantizer(unsigned 7bit fake per-tensor amax=dynamic calibrator=MaxCalibrator scale=1.0 quant)
        )
        (4): BatchNorm2d(128, eps=1e-05, momentum=0.1, affine=True, track_running_stats=True)
      )
      (shortcut): Sequential()
    )
  )
  (conv4_x): Sequential(
    (0): BasicBlock(
      (residual_function): Sequential(
        (0): CIMConv2d(
          128, 256, kernel_size=(3, 3), stride=(2, 2), padding=(1, 1), bias=False
          (_input_quantizer): TensorQuantizer(8bit fake per-tensor amax=dynamic calibrator=MaxCalibrator scale=1.0 quant)
          (_weight_quantizer): TensorQuantizer(8bit fake axis=0 amax=dynamic calibrator=MaxCalibrator scale=1.0 quant)
          (_adc_quantizer): TensorQuantizer(unsigned 7bit fake per-tensor amax=dynamic calibrator=MaxCalibrator scale=1.0 quant)
        )
        (1): BatchNorm2d(256, eps=1e-05, momentum=0.1, affine=True, track_running_stats=True)
        (2): ReLU(inplace=True)
        (3): CIMConv2d(
          256, 256, kernel_size=(3, 3), stride=(1, 1), padding=(1, 1), bias=False
          (_input_quantizer): TensorQuantizer(8bit fake per-tensor amax=dynamic calibrator=MaxCalibrator scale=1.0 quant)
          (_weight_quantizer): TensorQuantizer(8bit fake axis=0 amax=dynamic calibrator=MaxCalibrator scale=1.0 quant)
          (_adc_quantizer): TensorQuantizer(unsigned 7bit fake per-tensor amax=dynamic calibrator=MaxCalibrator scale=1.0 quant)
        )
        (4): BatchNorm2d(256, eps=1e-05, momentum=0.1, affine=True, track_running_stats=True)
      )
      (shortcut): Sequential(
        (0): CIMConv2d(
          128, 256, kernel_size=(1, 1), stride=(2, 2), bias=False
          (_input_quantizer): TensorQuantizer(8bit fake per-tensor amax=dynamic calibrator=MaxCalibrator scale=1.0 quant)
          (_weight_quantizer): TensorQuantizer(8bit fake axis=0 amax=dynamic calibrator=MaxCalibrator scale=1.0 quant)
          (_adc_quantizer): TensorQuantizer(unsigned 7bit fake per-tensor amax=dynamic calibrator=MaxCalibrator scale=1.0 quant)
        )
        (1): BatchNorm2d(256, eps=1e-05, momentum=0.1, affine=True, track_running_stats=True)
      )
    )
    (1): BasicBlock(
      (residual_function): Sequential(
        (0): CIMConv2d(
          256, 256, kernel_size=(3, 3), stride=(1, 1), padding=(1, 1), bias=False
          (_input_quantizer): TensorQuantizer(8bit fake per-tensor amax=dynamic calibrator=MaxCalibrator scale=1.0 quant)
          (_weight_quantizer): TensorQuantizer(8bit fake axis=0 amax=dynamic calibrator=MaxCalibrator scale=1.0 quant)
          (_adc_quantizer): TensorQuantizer(unsigned 7bit fake per-tensor amax=dynamic calibrator=MaxCalibrator scale=1.0 quant)
        )
        (1): BatchNorm2d(256, eps=1e-05, momentum=0.1, affine=True, track_running_stats=True)
        (2): ReLU(inplace=True)
        (3): CIMConv2d(
          256, 256, kernel_size=(3, 3), stride=(1, 1), padding=(1, 1), bias=False
          (_input_quantizer): TensorQuantizer(8bit fake per-tensor amax=dynamic calibrator=MaxCalibrator scale=1.0 quant)
          (_weight_quantizer): TensorQuantizer(8bit fake axis=0 amax=dynamic calibrator=MaxCalibrator scale=1.0 quant)
          (_adc_quantizer): TensorQuantizer(unsigned 7bit fake per-tensor amax=dynamic calibrator=MaxCalibrator scale=1.0 quant)
        )
        (4): BatchNorm2d(256, eps=1e-05, momentum=0.1, affine=True, track_running_stats=True)
      )
      (shortcut): Sequential()
    )
  )
  (conv5_x): Sequential(
    (0): BasicBlock(
      (residual_function): Sequential(
        (0): CIMConv2d(
          256, 512, kernel_size=(3, 3), stride=(2, 2), padding=(1, 1), bias=False
          (_input_quantizer): TensorQuantizer(8bit fake per-tensor amax=dynamic calibrator=MaxCalibrator scale=1.0 quant)
          (_weight_quantizer): TensorQuantizer(8bit fake axis=0 amax=dynamic calibrator=MaxCalibrator scale=1.0 quant)
          (_adc_quantizer): TensorQuantizer(unsigned 7bit fake per-tensor amax=dynamic calibrator=MaxCalibrator scale=1.0 quant)
        )
        (1): BatchNorm2d(512, eps=1e-05, momentum=0.1, affine=True, track_running_stats=True)
        (2): ReLU(inplace=True)
        (3): CIMConv2d(
          512, 512, kernel_size=(3, 3), stride=(1, 1), padding=(1, 1), bias=False
          (_input_quantizer): TensorQuantizer(8bit fake per-tensor amax=dynamic calibrator=MaxCalibrator scale=1.0 quant)
          (_weight_quantizer): TensorQuantizer(8bit fake axis=0 amax=dynamic calibrator=MaxCalibrator scale=1.0 quant)
          (_adc_quantizer): TensorQuantizer(unsigned 7bit fake per-tensor amax=dynamic calibrator=MaxCalibrator scale=1.0 quant)
        )
        (4): BatchNorm2d(512, eps=1e-05, momentum=0.1, affine=True, track_running_stats=True)
      )
      (shortcut): Sequential(
        (0): CIMConv2d(
          256, 512, kernel_size=(1, 1), stride=(2, 2), bias=False
          (_input_quantizer): TensorQuantizer(8bit fake per-tensor amax=dynamic calibrator=MaxCalibrator scale=1.0 quant)
          (_weight_quantizer): TensorQuantizer(8bit fake axis=0 amax=dynamic calibrator=MaxCalibrator scale=1.0 quant)
          (_adc_quantizer): TensorQuantizer(unsigned 7bit fake per-tensor amax=dynamic calibrator=MaxCalibrator scale=1.0 quant)
        )
        (1): BatchNorm2d(512, eps=1e-05, momentum=0.1, affine=True, track_running_stats=True)
      )
    )
    (1): BasicBlock(
      (residual_function): Sequential(
        (0): CIMConv2d(
          512, 512, kernel_size=(3, 3), stride=(1, 1), padding=(1, 1), bias=False
          (_input_quantizer): TensorQuantizer(8bit fake per-tensor amax=dynamic calibrator=MaxCalibrator scale=1.0 quant)
          (_weight_quantizer): TensorQuantizer(8bit fake axis=0 amax=dynamic calibrator=MaxCalibrator scale=1.0 quant)
          (_adc_quantizer): TensorQuantizer(unsigned 7bit fake per-tensor amax=dynamic calibrator=MaxCalibrator scale=1.0 quant)
        )
        (1): BatchNorm2d(512, eps=1e-05, momentum=0.1, affine=True, track_running_stats=True)
        (2): ReLU(inplace=True)
        (3): CIMConv2d(
          512, 512, kernel_size=(3, 3), stride=(1, 1), padding=(1, 1), bias=False
          (_input_quantizer): TensorQuantizer(8bit fake per-tensor amax=dynamic calibrator=MaxCalibrator scale=1.0 quant)
          (_weight_quantizer): TensorQuantizer(8bit fake axis=0 amax=dynamic calibrator=MaxCalibrator scale=1.0 quant)
          (_adc_quantizer): TensorQuantizer(unsigned 7bit fake per-tensor amax=dynamic calibrator=MaxCalibrator scale=1.0 quant)
        )
        (4): BatchNorm2d(512, eps=1e-05, momentum=0.1, affine=True, track_running_stats=True)
      )
      (shortcut): Sequential()
    )
  )
  (avg_pool): CIMAdaptiveAvgPool2d(
    output_size=(1, 1)
    (_input_quantizer): TensorQuantizer(8bit fake per-tensor amax=dynamic calibrator=MaxCalibrator scale=1.0 quant)
  )
  (fc): CIMLinear(
    in_features=512, out_features=10, bias=True
    (_input_quantizer): TensorQuantizer(8bit fake per-tensor amax=dynamic calibrator=MaxCalibrator scale=1.0 quant)
    (_weight_quantizer): TensorQuantizer(8bit fake axis=0 amax=dynamic calibrator=MaxCalibrator scale=1.0 quant)
    (_adc_quantizer): TensorQuantizer(unsigned 7bit fake per-tensor amax=dynamic calibrator=MaxCalibrator scale=1.0 quant)
  )
)
Evaluating baseline model...


  0%|          | 0/1 [00:00<?, ?it/s]
  0%|          | 0/1 [00:00<?, ?it/s]
Test Accuracy of the model on 400 test images: 12.75 %
Average Test loss: 2.3037919998168945

--------------------------------------------
evaluation time: 0.3988313674926758
Quantizing inputs and weights...
Collecting histograms...


  0%|          | 0/2 [00:00<?, ?it/s]I0918 22:55:36.189408 140578680584000 max.py:61] Calibrator encountered negative values. It shouldn't happen after ReLU. Make sure this is the right tensor to calibrate.
Calibrator encountered negative values. It shouldn't happen after ReLU. Make sure this is the right tensor to calibrate.

100%|██████████| 2/2 [00:00<00:00, 22.16it/s]
W0918 22:55:36.263173 140578680584000 tensor_quantizer.py:239] Call .cuda() if running on GPU after loading calibrated amax.
Call .cuda() if running on GPU after loading calibrated amax.

Computing amax... 

Finished quantizing inputs and weights.
Evaluating input and weight quantized model...


  0%|          | 0/1 [00:00<?, ?it/s]
  0%|          | 0/1 [00:00<?, ?it/s]
I0918 22:55:36.380595 140578680584000 misc.py:32] Running inference with detailed hardware simulation...
Running inference with detailed hardware simulation...
Test Accuracy of the model on 400 test images: 12.5 %
Average Test loss: 2.303790330886841

--------------------------------------------
evaluation time: 0.08126688003540039

  0%|          | 0/25 [00:00<?, ?it/s]
  4%|▍         | 1/25 [00:11<04:38, 11.61s/it]
