/scratch/rxc5747/conda_envs/neurosim/lib/python3.11/site-packages/torchvision/datasets/cifar.py:83: VisibleDeprecationWarning: dtype(): align should be passed as Python or NumPy boolean but got `align=0`. Did you mean to pass a tuple to create a subarray type? (Deprecated NumPy 2.4)
  entry = pickle.load(f, encoding="latin1")
WARNING: Logging before flag parsing goes to stderr.
I0918 22:59:18.345946 139954865473344 _utils.py:224] Input is fake quantized to 8 bits in CIMConv2d with axis None!
Input is fake quantized to 8 bits in CIMConv2d with axis None!
I0918 22:59:18.346082 139954865473344 _utils.py:227] Weight is fake quantized to 8 bits in CIMConv2d with axis 0!
Weight is fake quantized to 8 bits in CIMConv2d with axis 0!
I0918 22:59:18.346124 139954865473344 _utils.py:230] Output is fake quantized to 7 bits in CIMConv2d with axis None!
Output is fake quantized to 7 bits in CIMConv2d with axis None!
I0918 22:59:18.367285 139954865473344 _utils.py:224] Input is fake quantized to 8 bits in CIMConv2d with axis None!
Input is fake quantized to 8 bits in CIMConv2d with axis None!
I0918 22:59:18.367392 139954865473344 _utils.py:227] Weight is fake quantized to 8 bits in CIMConv2d with axis 0!
Weight is fake quantized to 8 bits in CIMConv2d with axis 0!
I0918 22:59:18.367429 139954865473344 _utils.py:230] Output is fake quantized to 7 bits in CIMConv2d with axis None!
Output is fake quantized to 7 bits in CIMConv2d with axis None!
I0918 22:59:18.368726 139954865473344 _utils.py:224] Input is fake quantized to 8 bits in CIMConv2d with axis None!
Input is fake quantized to 8 bits in CIMConv2d with axis None!
I0918 22:59:18.368794 139954865473344 _utils.py:227] Weight is fake quantized to 8 bits in CIMConv2d with axis 0!
Weight is fake quantized to 8 bits in CIMConv2d with axis 0!
I0918 22:59:18.368839 139954865473344 _utils.py:230] Output is fake quantized to 7 bits in CIMConv2d with axis None!
Output is fake quantized to 7 bits in CIMConv2d with axis None!
I0918 22:59:18.370364 139954865473344 _utils.py:224] Input is fake quantized to 8 bits in CIMConv2d with axis None!
Input is fake quantized to 8 bits in CIMConv2d with axis None!
I0918 22:59:18.370420 139954865473344 _utils.py:227] Weight is fake quantized to 8 bits in CIMConv2d with axis 0!
Weight is fake quantized to 8 bits in CIMConv2d with axis 0!
I0918 22:59:18.370452 139954865473344 _utils.py:230] Output is fake quantized to 7 bits in CIMConv2d with axis None!
Output is fake quantized to 7 bits in CIMConv2d with axis None!
I0918 22:59:18.371668 139954865473344 _utils.py:224] Input is fake quantized to 8 bits in CIMConv2d with axis None!
Input is fake quantized to 8 bits in CIMConv2d with axis None!
I0918 22:59:18.371721 139954865473344 _utils.py:227] Weight is fake quantized to 8 bits in CIMConv2d with axis 0!
Weight is fake quantized to 8 bits in CIMConv2d with axis 0!
I0918 22:59:18.371752 139954865473344 _utils.py:230] Output is fake quantized to 7 bits in CIMConv2d with axis None!
Output is fake quantized to 7 bits in CIMConv2d with axis None!
I0918 22:59:18.373082 139954865473344 _utils.py:224] Input is fake quantized to 8 bits in CIMConv2d with axis None!
Input is fake quantized to 8 bits in CIMConv2d with axis None!
I0918 22:59:18.373136 139954865473344 _utils.py:227] Weight is fake quantized to 8 bits in CIMConv2d with axis 0!
Weight is fake quantized to 8 bits in CIMConv2d with axis 0!
I0918 22:59:18.373165 139954865473344 _utils.py:230] Output is fake quantized to 7 bits in CIMConv2d with axis None!
Output is fake quantized to 7 bits in CIMConv2d with axis None!
I0918 22:59:18.374644 139954865473344 _utils.py:224] Input is fake quantized to 8 bits in CIMConv2d with axis None!
Input is fake quantized to 8 bits in CIMConv2d with axis None!
I0918 22:59:18.374697 139954865473344 _utils.py:227] Weight is fake quantized to 8 bits in CIMConv2d with axis 0!
Weight is fake quantized to 8 bits in CIMConv2d with axis 0!
I0918 22:59:18.374727 139954865473344 _utils.py:230] Output is fake quantized to 7 bits in CIMConv2d with axis None!
Output is fake quantized to 7 bits in CIMConv2d with axis None!
I0918 22:59:18.375880 139954865473344 _utils.py:224] Input is fake quantized to 8 bits in CIMConv2d with axis None!
Input is fake quantized to 8 bits in CIMConv2d with axis None!
I0918 22:59:18.375941 139954865473344 _utils.py:227] Weight is fake quantized to 8 bits in CIMConv2d with axis 0!
Weight is fake quantized to 8 bits in CIMConv2d with axis 0!
I0918 22:59:18.375971 139954865473344 _utils.py:230] Output is fake quantized to 7 bits in CIMConv2d with axis None!
Output is fake quantized to 7 bits in CIMConv2d with axis None!
I0918 22:59:18.377499 139954865473344 _utils.py:224] Input is fake quantized to 8 bits in CIMConv2d with axis None!
Input is fake quantized to 8 bits in CIMConv2d with axis None!
I0918 22:59:18.377553 139954865473344 _utils.py:227] Weight is fake quantized to 8 bits in CIMConv2d with axis 0!
Weight is fake quantized to 8 bits in CIMConv2d with axis 0!
I0918 22:59:18.377582 139954865473344 _utils.py:230] Output is fake quantized to 7 bits in CIMConv2d with axis None!
Output is fake quantized to 7 bits in CIMConv2d with axis None!
I0918 22:59:18.379076 139954865473344 _utils.py:224] Input is fake quantized to 8 bits in CIMConv2d with axis None!
Input is fake quantized to 8 bits in CIMConv2d with axis None!
I0918 22:59:18.379129 139954865473344 _utils.py:227] Weight is fake quantized to 8 bits in CIMConv2d with axis 0!
Weight is fake quantized to 8 bits in CIMConv2d with axis 0!
I0918 22:59:18.379158 139954865473344 _utils.py:230] Output is fake quantized to 7 bits in CIMConv2d with axis None!
Output is fake quantized to 7 bits in CIMConv2d with axis None!
I0918 22:59:18.381034 139954865473344 _utils.py:224] Input is fake quantized to 8 bits in CIMConv2d with axis None!
Input is fake quantized to 8 bits in CIMConv2d with axis None!
I0918 22:59:18.381088 139954865473344 _utils.py:227] Weight is fake quantized to 8 bits in CIMConv2d with axis 0!
Weight is fake quantized to 8 bits in CIMConv2d with axis 0!
I0918 22:59:18.381118 139954865473344 _utils.py:230] Output is fake quantized to 7 bits in CIMConv2d with axis None!
Output is fake quantized to 7 bits in CIMConv2d with axis None!
I0918 22:59:18.383726 139954865473344 _utils.py:224] Input is fake quantized to 8 bits in CIMConv2d with axis None!
Input is fake quantized to 8 bits in CIMConv2d with axis None!
I0918 22:59:18.383781 139954865473344 _utils.py:227] Weight is fake quantized to 8 bits in CIMConv2d with axis 0!
Weight is fake quantized to 8 bits in CIMConv2d with axis 0!
I0918 22:59:18.383811 139954865473344 _utils.py:230] Output is fake quantized to 7 bits in CIMConv2d with axis None!
Output is fake quantized to 7 bits in CIMConv2d with axis None!
I0918 22:59:18.385065 139954865473344 _utils.py:224] Input is fake quantized to 8 bits in CIMConv2d with axis None!
Input is fake quantized to 8 bits in CIMConv2d with axis None!
I0918 22:59:18.385118 139954865473344 _utils.py:227] Weight is fake quantized to 8 bits in CIMConv2d with axis 0!
Weight is fake quantized to 8 bits in CIMConv2d with axis 0!
I0918 22:59:18.385147 139954865473344 _utils.py:230] Output is fake quantized to 7 bits in CIMConv2d with axis None!
Output is fake quantized to 7 bits in CIMConv2d with axis None!
I0918 22:59:18.387780 139954865473344 _utils.py:224] Input is fake quantized to 8 bits in CIMConv2d with axis None!
Input is fake quantized to 8 bits in CIMConv2d with axis None!
I0918 22:59:18.387835 139954865473344 _utils.py:227] Weight is fake quantized to 8 bits in CIMConv2d with axis 0!
Weight is fake quantized to 8 bits in CIMConv2d with axis 0!
I0918 22:59:18.387865 139954865473344 _utils.py:230] Output is fake quantized to 7 bits in CIMConv2d with axis None!
Output is fake quantized to 7 bits in CIMConv2d with axis None!
I0918 22:59:18.390498 139954865473344 _utils.py:224] Input is fake quantized to 8 bits in CIMConv2d with axis None!
Input is fake quantized to 8 bits in CIMConv2d with axis None!
I0918 22:59:18.390553 139954865473344 _utils.py:227] Weight is fake quantized to 8 bits in CIMConv2d with axis 0!
Weight is fake quantized to 8 bits in CIMConv2d with axis 0!
I0918 22:59:18.390582 139954865473344 _utils.py:230] Output is fake quantized to 7 bits in CIMConv2d with axis None!
Output is fake quantized to 7 bits in CIMConv2d with axis None!
I0918 22:59:18.394793 139954865473344 _utils.py:224] Input is fake quantized to 8 bits in CIMConv2d with axis None!
Input is fake quantized to 8 bits in CIMConv2d with axis None!
I0918 22:59:18.394850 139954865473344 _utils.py:227] Weight is fake quantized to 8 bits in CIMConv2d with axis 0!
Weight is fake quantized to 8 bits in CIMConv2d with axis 0!
I0918 22:59:18.394878 139954865473344 _utils.py:230] Output is fake quantized to 7 bits in CIMConv2d with axis None!
Output is fake quantized to 7 bits in CIMConv2d with axis None!
I0918 22:59:18.402077 139954865473344 _utils.py:224] Input is fake quantized to 8 bits in CIMConv2d with axis None!
Input is fake quantized to 8 bits in CIMConv2d with axis None!
I0918 22:59:18.402136 139954865473344 _utils.py:227] Weight is fake quantized to 8 bits in CIMConv2d with axis 0!
Weight is fake quantized to 8 bits in CIMConv2d with axis 0!
I0918 22:59:18.402165 139954865473344 _utils.py:230] Output is fake quantized to 7 bits in CIMConv2d with axis None!
Output is fake quantized to 7 bits in CIMConv2d with axis None!
I0918 22:59:18.403692 139954865473344 _utils.py:224] Input is fake quantized to 8 bits in CIMConv2d with axis None!
Input is fake quantized to 8 bits in CIMConv2d with axis None!
I0918 22:59:18.403744 139954865473344 _utils.py:227] Weight is fake quantized to 8 bits in CIMConv2d with axis 0!
Weight is fake quantized to 8 bits in CIMConv2d with axis 0!
I0918 22:59:18.403774 139954865473344 _utils.py:230] Output is fake quantized to 7 bits in CIMConv2d with axis None!
Output is fake quantized to 7 bits in CIMConv2d with axis None!
I0918 22:59:18.411008 139954865473344 _utils.py:224] Input is fake quantized to 8 bits in CIMConv2d with axis None!
Input is fake quantized to 8 bits in CIMConv2d with axis None!
I0918 22:59:18.411069 139954865473344 _utils.py:227] Weight is fake quantized to 8 bits in CIMConv2d with axis 0!
Weight is fake quantized to 8 bits in CIMConv2d with axis 0!
I0918 22:59:18.411099 139954865473344 _utils.py:230] Output is fake quantized to 7 bits in CIMConv2d with axis None!
Output is fake quantized to 7 bits in CIMConv2d with axis None!
I0918 22:59:18.419417 139954865473344 _utils.py:224] Input is fake quantized to 8 bits in CIMConv2d with axis None!
Input is fake quantized to 8 bits in CIMConv2d with axis None!
I0918 22:59:18.419479 139954865473344 _utils.py:227] Weight is fake quantized to 8 bits in CIMConv2d with axis 0!
Weight is fake quantized to 8 bits in CIMConv2d with axis 0!
I0918 22:59:18.419508 139954865473344 _utils.py:230] Output is fake quantized to 7 bits in CIMConv2d with axis None!
Output is fake quantized to 7 bits in CIMConv2d with axis None!
I0918 22:59:18.420656 139954865473344 _utils.py:305] Input is fake quantized to 8 bits in CIMAdaptiveAvgPool2d with axis None!
Input is fake quantized to 8 bits in CIMAdaptiveAvgPool2d with axis None!
I0918 22:59:18.421446 139954865473344 _utils.py:224] Input is fake quantized to 8 bits in CIMLinear with axis None!
Input is fake quantized to 8 bits in CIMLinear with axis None!
I0918 22:59:18.421495 139954865473344 _utils.py:227] Weight is fake quantized to 8 bits in CIMLinear with axis 0!
Weight is fake quantized to 8 bits in CIMLinear with axis 0!
I0918 22:59:18.421525 139954865473344 _utils.py:230] Output is fake quantized to 7 bits in CIMLinear with axis None!
Output is fake quantized to 7 bits in CIMLinear with axis None!
log/default/adc_axis=None/adc_calib_method=max/adc_enable=1/adc_precision=7/adc_quant_method=scale/batch_size=400/bitcell=1/calib_batch_size=128/dac_precision=1/dataset=cifar10/detect=0/hardware=1/input_axis=None/input_calib_method=max/input_precision=8/mem_states_file=mem_states.csv/mem_type=capacitive/mode=TensorRT/model=resnet18/num_batches=-1/off_state=0.006/on_state=1.02e-11/optimize_adc=0/output_noise=0.0/output_noise_file=/parallel_read=64/ppa=1/rate_stuck_0=0.0/rate_stuck_1=0.0/read_noise=0.0/seed=1234/sub_array=[4096, 64]/t=1/target=0.0/test_name=test/v=0.0/v_list=[0.005, 0.005, 0.005, 0.005, 0.005, 0.005, 0.005, 0.005]/vdd=1/weight_axis=0/weight_calib_method=max/weight_precision=8
=================FLAGS==================
dataset: cifar10
model: resnet18
data_path: ./datasets
model_path: ./models/
test_name: test
mode: TensorRT
gpu: 0
batch_size: 400
calib_batch_size: 128
seed: 1234
logdir: log/default/adc_axis=None/adc_calib_method=max/adc_enable=1/adc_precision=7/adc_quant_method=scale/batch_size=400/bitcell=1/calib_batch_size=128/dac_precision=1/dataset=cifar10/detect=0/hardware=1/input_axis=None/input_calib_method=max/input_precision=8/mem_states_file=mem_states.csv/mem_type=capacitive/mode=TensorRT/model=resnet18/num_batches=-1/off_state=0.006/on_state=1.02e-11/optimize_adc=0/output_noise=0.0/output_noise_file=/parallel_read=64/ppa=1/rate_stuck_0=0.0/rate_stuck_1=0.0/read_noise=0.0/seed=1234/sub_array=[4096, 64]/t=1/target=0.0/test_name=test/v=0.0/v_list=[0.005, 0.005, 0.005, 0.005, 0.005, 0.005, 0.005, 0.005]/vdd=1/weight_axis=0/weight_calib_method=max/weight_precision=8
hardware: 1
ppa: 1
num_batches: -1
sub_array: [4096, 64]
parallel_read: 64
weight_precision: 8
input_precision: 8
dac_precision: 1
adc_precision: 7
bitcell: 1
mem_type: capacitive
off_state: 0.006
on_state: 1.02e-11
mem_states_file: mem_states.csv
vdd: 1
read_noise: 0.0
output_noise: 0.0
output_noise_file: 
t: 1
v: 0.0
v_list: [0.005, 0.005, 0.005, 0.005, 0.005, 0.005, 0.005, 0.005]
detect: 0
target: 0.0
rate_stuck_0: 0.0
rate_stuck_1: 0.0
input_calib_method: max
weight_calib_method: max
adc_calib_method: max
input_axis: None
weight_axis: 0
adc_axis: None
adc_quant_method: scale
optimize_adc: 0
adc_enable: 1
logger: <bound method Logger.info of <pytorch_quantization.utils.misc.Logger object at 0x7f47fe8fc210>>
========================================

Running in-memory computing functional simulation of resnet18 on cifar10 dataset...
Building CIFAR-10 data loader with 1 workers
Building CIFAR-10 data loader with 1 workers

Loading pretrained model ./models/resnet18_cifar10.pth...
ResNet(
  (conv1): Sequential(
    (0): CIMConv2d(
      3, 64, kernel_size=(3, 3), stride=(1, 1), padding=(1, 1), bias=False
      (_input_quantizer): TensorQuantizer(8bit fake per-tensor amax=dynamic calibrator=MaxCalibrator scale=1.0 quant)
      (_weight_quantizer): TensorQuantizer(8bit fake axis=0 amax=dynamic calibrator=MaxCalibrator scale=1.0 quant)
      (_adc_quantizer): TensorQuantizer(unsigned 7bit fake per-tensor amax=dynamic calibrator=MaxCalibrator scale=1.0 quant)
    )
    (1): BatchNorm2d(64, eps=1e-05, momentum=0.1, affine=True, track_running_stats=True)
    (2): ReLU(inplace=True)
  )
  (conv2_x): Sequential(
    (0): BasicBlock(
      (residual_function): Sequential(
        (0): CIMConv2d(
          64, 64, kernel_size=(3, 3), stride=(1, 1), padding=(1, 1), bias=False
          (_input_quantizer): TensorQuantizer(8bit fake per-tensor amax=dynamic calibrator=MaxCalibrator scale=1.0 quant)
          (_weight_quantizer): TensorQuantizer(8bit fake axis=0 amax=dynamic calibrator=MaxCalibrator scale=1.0 quant)
          (_adc_quantizer): TensorQuantizer(unsigned 7bit fake per-tensor amax=dynamic calibrator=MaxCalibrator scale=1.0 quant)
        )
        (1): BatchNorm2d(64, eps=1e-05, momentum=0.1, affine=True, track_running_stats=True)
        (2): ReLU(inplace=True)
        (3): CIMConv2d(
          64, 64, kernel_size=(3, 3), stride=(1, 1), padding=(1, 1), bias=False
          (_input_quantizer): TensorQuantizer(8bit fake per-tensor amax=dynamic calibrator=MaxCalibrator scale=1.0 quant)
          (_weight_quantizer): TensorQuantizer(8bit fake axis=0 amax=dynamic calibrator=MaxCalibrator scale=1.0 quant)
          (_adc_quantizer): TensorQuantizer(unsigned 7bit fake per-tensor amax=dynamic calibrator=MaxCalibrator scale=1.0 quant)
        )
        (4): BatchNorm2d(64, eps=1e-05, momentum=0.1, affine=True, track_running_stats=True)
      )
      (shortcut): Sequential()
    )
    (1): BasicBlock(
      (residual_function): Sequential(
        (0): CIMConv2d(
          64, 64, kernel_size=(3, 3), stride=(1, 1), padding=(1, 1), bias=False
          (_input_quantizer): TensorQuantizer(8bit fake per-tensor amax=dynamic calibrator=MaxCalibrator scale=1.0 quant)
          (_weight_quantizer): TensorQuantizer(8bit fake axis=0 amax=dynamic calibrator=MaxCalibrator scale=1.0 quant)
          (_adc_quantizer): TensorQuantizer(unsigned 7bit fake per-tensor amax=dynamic calibrator=MaxCalibrator scale=1.0 quant)
        )
        (1): BatchNorm2d(64, eps=1e-05, momentum=0.1, affine=True, track_running_stats=True)
        (2): ReLU(inplace=True)
        (3): CIMConv2d(
          64, 64, kernel_size=(3, 3), stride=(1, 1), padding=(1, 1), bias=False
          (_input_quantizer): TensorQuantizer(8bit fake per-tensor amax=dynamic calibrator=MaxCalibrator scale=1.0 quant)
          (_weight_quantizer): TensorQuantizer(8bit fake axis=0 amax=dynamic calibrator=MaxCalibrator scale=1.0 quant)
          (_adc_quantizer): TensorQuantizer(unsigned 7bit fake per-tensor amax=dynamic calibrator=MaxCalibrator scale=1.0 quant)
        )
        (4): BatchNorm2d(64, eps=1e-05, momentum=0.1, affine=True, track_running_stats=True)
      )
      (shortcut): Sequential()
    )
  )
  (conv3_x): Sequential(
    (0): BasicBlock(
      (residual_function): Sequential(
        (0): CIMConv2d(
          64, 128, kernel_size=(3, 3), stride=(2, 2), padding=(1, 1), bias=False
          (_input_quantizer): TensorQuantizer(8bit fake per-tensor amax=dynamic calibrator=MaxCalibrator scale=1.0 quant)
          (_weight_quantizer): TensorQuantizer(8bit fake axis=0 amax=dynamic calibrator=MaxCalibrator scale=1.0 quant)
          (_adc_quantizer): TensorQuantizer(unsigned 7bit fake per-tensor amax=dynamic calibrator=MaxCalibrator scale=1.0 quant)
        )
        (1): BatchNorm2d(128, eps=1e-05, momentum=0.1, affine=True, track_running_stats=True)
        (2): ReLU(inplace=True)
        (3): CIMConv2d(
          128, 128, kernel_size=(3, 3), stride=(1, 1), padding=(1, 1), bias=False
          (_input_quantizer): TensorQuantizer(8bit fake per-tensor amax=dynamic calibrator=MaxCalibrator scale=1.0 quant)
          (_weight_quantizer): TensorQuantizer(8bit fake axis=0 amax=dynamic calibrator=MaxCalibrator scale=1.0 quant)
          (_adc_quantizer): TensorQuantizer(unsigned 7bit fake per-tensor amax=dynamic calibrator=MaxCalibrator scale=1.0 quant)
        )
        (4): BatchNorm2d(128, eps=1e-05, momentum=0.1, affine=True, track_running_stats=True)
      )
      (shortcut): Sequential(
        (0): CIMConv2d(
          64, 128, kernel_size=(1, 1), stride=(2, 2), bias=False
          (_input_quantizer): TensorQuantizer(8bit fake per-tensor amax=dynamic calibrator=MaxCalibrator scale=1.0 quant)
          (_weight_quantizer): TensorQuantizer(8bit fake axis=0 amax=dynamic calibrator=MaxCalibrator scale=1.0 quant)
          (_adc_quantizer): TensorQuantizer(unsigned 7bit fake per-tensor amax=dynamic calibrator=MaxCalibrator scale=1.0 quant)
        )
        (1): BatchNorm2d(128, eps=1e-05, momentum=0.1, affine=True, track_running_stats=True)
      )
    )
    (1): BasicBlock(
      (residual_function): Sequential(
        (0): CIMConv2d(
          128, 128, kernel_size=(3, 3), stride=(1, 1), padding=(1, 1), bias=False
          (_input_quantizer): TensorQuantizer(8bit fake per-tensor amax=dynamic calibrator=MaxCalibrator scale=1.0 quant)
          (_weight_quantizer): TensorQuantizer(8bit fake axis=0 amax=dynamic calibrator=MaxCalibrator scale=1.0 quant)
          (_adc_quantizer): TensorQuantizer(unsigned 7bit fake per-tensor amax=dynamic calibrator=MaxCalibrator scale=1.0 quant)
        )
        (1): BatchNorm2d(128, eps=1e-05, momentum=0.1, affine=True, track_running_stats=True)
        (2): ReLU(inplace=True)
        (3): CIMConv2d(
          128, 128, kernel_size=(3, 3), stride=(1, 1), padding=(1, 1), bias=False
          (_input_quantizer): TensorQuantizer(8bit fake per-tensor amax=dynamic calibrator=MaxCalibrator scale=1.0 quant)
          (_weight_quantizer): TensorQuantizer(8bit fake axis=0 amax=dynamic calibrator=MaxCalibrator scale=1.0 quant)
          (_adc_quantizer): TensorQuantizer(unsigned 7bit fake per-tensor amax=dynamic calibrator=MaxCalibrator scale=1.0 quant)
        )
        (4): BatchNorm2d(128, eps=1e-05, momentum=0.1, affine=True, track_running_stats=True)
      )
      (shortcut): Sequential()
    )
  )
  (conv4_x): Sequential(
    (0): BasicBlock(
      (residual_function): Sequential(
        (0): CIMConv2d(
          128, 256, kernel_size=(3, 3), stride=(2, 2), padding=(1, 1), bias=False
          (_input_quantizer): TensorQuantizer(8bit fake per-tensor amax=dynamic calibrator=MaxCalibrator scale=1.0 quant)
          (_weight_quantizer): TensorQuantizer(8bit fake axis=0 amax=dynamic calibrator=MaxCalibrator scale=1.0 quant)
          (_adc_quantizer): TensorQuantizer(unsigned 7bit fake per-tensor amax=dynamic calibrator=MaxCalibrator scale=1.0 quant)
        )
        (1): BatchNorm2d(256, eps=1e-05, momentum=0.1, affine=True, track_running_stats=True)
        (2): ReLU(inplace=True)
        (3): CIMConv2d(
          256, 256, kernel_size=(3, 3), stride=(1, 1), padding=(1, 1), bias=False
          (_input_quantizer): TensorQuantizer(8bit fake per-tensor amax=dynamic calibrator=MaxCalibrator scale=1.0 quant)
          (_weight_quantizer): TensorQuantizer(8bit fake axis=0 amax=dynamic calibrator=MaxCalibrator scale=1.0 quant)
          (_adc_quantizer): TensorQuantizer(unsigned 7bit fake per-tensor amax=dynamic calibrator=MaxCalibrator scale=1.0 quant)
        )
        (4): BatchNorm2d(256, eps=1e-05, momentum=0.1, affine=True, track_running_stats=True)
      )
      (shortcut): Sequential(
        (0): CIMConv2d(
          128, 256, kernel_size=(1, 1), stride=(2, 2), bias=False
          (_input_quantizer): TensorQuantizer(8bit fake per-tensor amax=dynamic calibrator=MaxCalibrator scale=1.0 quant)
          (_weight_quantizer): TensorQuantizer(8bit fake axis=0 amax=dynamic calibrator=MaxCalibrator scale=1.0 quant)
          (_adc_quantizer): TensorQuantizer(unsigned 7bit fake per-tensor amax=dynamic calibrator=MaxCalibrator scale=1.0 quant)
        )
        (1): BatchNorm2d(256, eps=1e-05, momentum=0.1, affine=True, track_running_stats=True)
      )
    )
    (1): BasicBlock(
      (residual_function): Sequential(
        (0): CIMConv2d(
          256, 256, kernel_size=(3, 3), stride=(1, 1), padding=(1, 1), bias=False
          (_input_quantizer): TensorQuantizer(8bit fake per-tensor amax=dynamic calibrator=MaxCalibrator scale=1.0 quant)
          (_weight_quantizer): TensorQuantizer(8bit fake axis=0 amax=dynamic calibrator=MaxCalibrator scale=1.0 quant)
          (_adc_quantizer): TensorQuantizer(unsigned 7bit fake per-tensor amax=dynamic calibrator=MaxCalibrator scale=1.0 quant)
        )
        (1): BatchNorm2d(256, eps=1e-05, momentum=0.1, affine=True, track_running_stats=True)
        (2): ReLU(inplace=True)
        (3): CIMConv2d(
          256, 256, kernel_size=(3, 3), stride=(1, 1), padding=(1, 1), bias=False
          (_input_quantizer): TensorQuantizer(8bit fake per-tensor amax=dynamic calibrator=MaxCalibrator scale=1.0 quant)
          (_weight_quantizer): TensorQuantizer(8bit fake axis=0 amax=dynamic calibrator=MaxCalibrator scale=1.0 quant)
          (_adc_quantizer): TensorQuantizer(unsigned 7bit fake per-tensor amax=dynamic calibrator=MaxCalibrator scale=1.0 quant)
        )
        (4): BatchNorm2d(256, eps=1e-05, momentum=0.1, affine=True, track_running_stats=True)
      )
      (shortcut): Sequential()
    )
  )
  (conv5_x): Sequential(
    (0): BasicBlock(
      (residual_function): Sequential(
        (0): CIMConv2d(
          256, 512, kernel_size=(3, 3), stride=(2, 2), padding=(1, 1), bias=False
          (_input_quantizer): TensorQuantizer(8bit fake per-tensor amax=dynamic calibrator=MaxCalibrator scale=1.0 quant)
          (_weight_quantizer): TensorQuantizer(8bit fake axis=0 amax=dynamic calibrator=MaxCalibrator scale=1.0 quant)
          (_adc_quantizer): TensorQuantizer(unsigned 7bit fake per-tensor amax=dynamic calibrator=MaxCalibrator scale=1.0 quant)
        )
        (1): BatchNorm2d(512, eps=1e-05, momentum=0.1, affine=True, track_running_stats=True)
        (2): ReLU(inplace=True)
        (3): CIMConv2d(
          512, 512, kernel_size=(3, 3), stride=(1, 1), padding=(1, 1), bias=False
          (_input_quantizer): TensorQuantizer(8bit fake per-tensor amax=dynamic calibrator=MaxCalibrator scale=1.0 quant)
          (_weight_quantizer): TensorQuantizer(8bit fake axis=0 amax=dynamic calibrator=MaxCalibrator scale=1.0 quant)
          (_adc_quantizer): TensorQuantizer(unsigned 7bit fake per-tensor amax=dynamic calibrator=MaxCalibrator scale=1.0 quant)
        )
        (4): BatchNorm2d(512, eps=1e-05, momentum=0.1, affine=True, track_running_stats=True)
      )
      (shortcut): Sequential(
        (0): CIMConv2d(
          256, 512, kernel_size=(1, 1), stride=(2, 2), bias=False
          (_input_quantizer): TensorQuantizer(8bit fake per-tensor amax=dynamic calibrator=MaxCalibrator scale=1.0 quant)
          (_weight_quantizer): TensorQuantizer(8bit fake axis=0 amax=dynamic calibrator=MaxCalibrator scale=1.0 quant)
          (_adc_quantizer): TensorQuantizer(unsigned 7bit fake per-tensor amax=dynamic calibrator=MaxCalibrator scale=1.0 quant)
        )
        (1): BatchNorm2d(512, eps=1e-05, momentum=0.1, affine=True, track_running_stats=True)
      )
    )
    (1): BasicBlock(
      (residual_function): Sequential(
        (0): CIMConv2d(
          512, 512, kernel_size=(3, 3), stride=(1, 1), padding=(1, 1), bias=False
          (_input_quantizer): TensorQuantizer(8bit fake per-tensor amax=dynamic calibrator=MaxCalibrator scale=1.0 quant)
          (_weight_quantizer): TensorQuantizer(8bit fake axis=0 amax=dynamic calibrator=MaxCalibrator scale=1.0 quant)
          (_adc_quantizer): TensorQuantizer(unsigned 7bit fake per-tensor amax=dynamic calibrator=MaxCalibrator scale=1.0 quant)
        )
        (1): BatchNorm2d(512, eps=1e-05, momentum=0.1, affine=True, track_running_stats=True)
        (2): ReLU(inplace=True)
        (3): CIMConv2d(
          512, 512, kernel_size=(3, 3), stride=(1, 1), padding=(1, 1), bias=False
          (_input_quantizer): TensorQuantizer(8bit fake per-tensor amax=dynamic calibrator=MaxCalibrator scale=1.0 quant)
          (_weight_quantizer): TensorQuantizer(8bit fake axis=0 amax=dynamic calibrator=MaxCalibrator scale=1.0 quant)
          (_adc_quantizer): TensorQuantizer(unsigned 7bit fake per-tensor amax=dynamic calibrator=MaxCalibrator scale=1.0 quant)
        )
        (4): BatchNorm2d(512, eps=1e-05, momentum=0.1, affine=True, track_running_stats=True)
      )
      (shortcut): Sequential()
    )
  )
  (avg_pool): CIMAdaptiveAvgPool2d(
    output_size=(1, 1)
    (_input_quantizer): TensorQuantizer(8bit fake per-tensor amax=dynamic calibrator=MaxCalibrator scale=1.0 quant)
  )
  (fc): CIMLinear(
    in_features=512, out_features=10, bias=True
    (_input_quantizer): TensorQuantizer(8bit fake per-tensor amax=dynamic calibrator=MaxCalibrator scale=1.0 quant)
    (_weight_quantizer): TensorQuantizer(8bit fake axis=0 amax=dynamic calibrator=MaxCalibrator scale=1.0 quant)
    (_adc_quantizer): TensorQuantizer(unsigned 7bit fake per-tensor amax=dynamic calibrator=MaxCalibrator scale=1.0 quant)
  )
)
Evaluating baseline model...


  0%|          | 0/1 [00:00<?, ?it/s]
  0%|          | 0/1 [00:00<?, ?it/s]
Test Accuracy of the model on 400 test images: 12.75 %
Average Test loss: 2.3037919998168945

--------------------------------------------
evaluation time: 0.3950161933898926
Quantizing inputs and weights...
Collecting histograms...


  0%|          | 0/2 [00:00<?, ?it/s]I0918 22:59:18.903432 139954865473344 max.py:61] Calibrator encountered negative values. It shouldn't happen after ReLU. Make sure this is the right tensor to calibrate.
Calibrator encountered negative values. It shouldn't happen after ReLU. Make sure this is the right tensor to calibrate.

100%|██████████| 2/2 [00:00<00:00, 21.87it/s]
W0918 22:59:18.977270 139954865473344 tensor_quantizer.py:239] Call .cuda() if running on GPU after loading calibrated amax.
Call .cuda() if running on GPU after loading calibrated amax.

Computing amax... 

Finished quantizing inputs and weights.
Evaluating input and weight quantized model...


  0%|          | 0/1 [00:00<?, ?it/s]
  0%|          | 0/1 [00:00<?, ?it/s]
I0918 22:59:19.095725 139954865473344 misc.py:32] Running inference with detailed hardware simulation...
Running inference with detailed hardware simulation...
Test Accuracy of the model on 400 test images: 12.5 %
Average Test loss: 2.303790330886841

--------------------------------------------
evaluation time: 0.08250808715820312

  0%|          | 0/25 [00:00<?, ?it/s]
  4%|▍         | 1/25 [00:11<04:38, 11.60s/it]
