/scratch/rxc5747/conda_envs/neurosim/lib/python3.11/site-packages/torchvision/datasets/cifar.py:83: VisibleDeprecationWarning: dtype(): align should be passed as Python or NumPy boolean but got `align=0`. Did you mean to pass a tuple to create a subarray type? (Deprecated NumPy 2.4)
  entry = pickle.load(f, encoding="latin1")
WARNING: Logging before flag parsing goes to stderr.
I0918 23:03:40.628721 139930121959232 _utils.py:224] Input is fake quantized to 8 bits in CIMConv2d with axis None!
Input is fake quantized to 8 bits in CIMConv2d with axis None!
I0918 23:03:40.628860 139930121959232 _utils.py:227] Weight is fake quantized to 8 bits in CIMConv2d with axis 0!
Weight is fake quantized to 8 bits in CIMConv2d with axis 0!
I0918 23:03:40.628909 139930121959232 _utils.py:230] Output is fake quantized to 7 bits in CIMConv2d with axis None!
Output is fake quantized to 7 bits in CIMConv2d with axis None!
I0918 23:03:40.650158 139930121959232 _utils.py:224] Input is fake quantized to 8 bits in CIMConv2d with axis None!
Input is fake quantized to 8 bits in CIMConv2d with axis None!
I0918 23:03:40.650269 139930121959232 _utils.py:227] Weight is fake quantized to 8 bits in CIMConv2d with axis 0!
Weight is fake quantized to 8 bits in CIMConv2d with axis 0!
I0918 23:03:40.650306 139930121959232 _utils.py:230] Output is fake quantized to 7 bits in CIMConv2d with axis None!
Output is fake quantized to 7 bits in CIMConv2d with axis None!
I0918 23:03:40.651623 139930121959232 _utils.py:224] Input is fake quantized to 8 bits in CIMConv2d with axis None!
Input is fake quantized to 8 bits in CIMConv2d with axis None!
I0918 23:03:40.651689 139930121959232 _utils.py:227] Weight is fake quantized to 8 bits in CIMConv2d with axis 0!
Weight is fake quantized to 8 bits in CIMConv2d with axis 0!
I0918 23:03:40.651734 139930121959232 _utils.py:230] Output is fake quantized to 7 bits in CIMConv2d with axis None!
Output is fake quantized to 7 bits in CIMConv2d with axis None!
I0918 23:03:40.653264 139930121959232 _utils.py:224] Input is fake quantized to 8 bits in CIMConv2d with axis None!
Input is fake quantized to 8 bits in CIMConv2d with axis None!
I0918 23:03:40.653319 139930121959232 _utils.py:227] Weight is fake quantized to 8 bits in CIMConv2d with axis 0!
Weight is fake quantized to 8 bits in CIMConv2d with axis 0!
I0918 23:03:40.653353 139930121959232 _utils.py:230] Output is fake quantized to 7 bits in CIMConv2d with axis None!
Output is fake quantized to 7 bits in CIMConv2d with axis None!
I0918 23:03:40.654570 139930121959232 _utils.py:224] Input is fake quantized to 8 bits in CIMConv2d with axis None!
Input is fake quantized to 8 bits in CIMConv2d with axis None!
I0918 23:03:40.654624 139930121959232 _utils.py:227] Weight is fake quantized to 8 bits in CIMConv2d with axis 0!
Weight is fake quantized to 8 bits in CIMConv2d with axis 0!
I0918 23:03:40.654656 139930121959232 _utils.py:230] Output is fake quantized to 7 bits in CIMConv2d with axis None!
Output is fake quantized to 7 bits in CIMConv2d with axis None!
I0918 23:03:40.655988 139930121959232 _utils.py:224] Input is fake quantized to 8 bits in CIMConv2d with axis None!
Input is fake quantized to 8 bits in CIMConv2d with axis None!
I0918 23:03:40.656044 139930121959232 _utils.py:227] Weight is fake quantized to 8 bits in CIMConv2d with axis 0!
Weight is fake quantized to 8 bits in CIMConv2d with axis 0!
I0918 23:03:40.656073 139930121959232 _utils.py:230] Output is fake quantized to 7 bits in CIMConv2d with axis None!
Output is fake quantized to 7 bits in CIMConv2d with axis None!
I0918 23:03:40.657555 139930121959232 _utils.py:224] Input is fake quantized to 8 bits in CIMConv2d with axis None!
Input is fake quantized to 8 bits in CIMConv2d with axis None!
I0918 23:03:40.657609 139930121959232 _utils.py:227] Weight is fake quantized to 8 bits in CIMConv2d with axis 0!
Weight is fake quantized to 8 bits in CIMConv2d with axis 0!
I0918 23:03:40.657639 139930121959232 _utils.py:230] Output is fake quantized to 7 bits in CIMConv2d with axis None!
Output is fake quantized to 7 bits in CIMConv2d with axis None!
I0918 23:03:40.658793 139930121959232 _utils.py:224] Input is fake quantized to 8 bits in CIMConv2d with axis None!
Input is fake quantized to 8 bits in CIMConv2d with axis None!
I0918 23:03:40.658847 139930121959232 _utils.py:227] Weight is fake quantized to 8 bits in CIMConv2d with axis 0!
Weight is fake quantized to 8 bits in CIMConv2d with axis 0!
I0918 23:03:40.658877 139930121959232 _utils.py:230] Output is fake quantized to 7 bits in CIMConv2d with axis None!
Output is fake quantized to 7 bits in CIMConv2d with axis None!
I0918 23:03:40.660415 139930121959232 _utils.py:224] Input is fake quantized to 8 bits in CIMConv2d with axis None!
Input is fake quantized to 8 bits in CIMConv2d with axis None!
I0918 23:03:40.660470 139930121959232 _utils.py:227] Weight is fake quantized to 8 bits in CIMConv2d with axis 0!
Weight is fake quantized to 8 bits in CIMConv2d with axis 0!
I0918 23:03:40.660499 139930121959232 _utils.py:230] Output is fake quantized to 7 bits in CIMConv2d with axis None!
Output is fake quantized to 7 bits in CIMConv2d with axis None!
I0918 23:03:40.661989 139930121959232 _utils.py:224] Input is fake quantized to 8 bits in CIMConv2d with axis None!
Input is fake quantized to 8 bits in CIMConv2d with axis None!
I0918 23:03:40.662041 139930121959232 _utils.py:227] Weight is fake quantized to 8 bits in CIMConv2d with axis 0!
Weight is fake quantized to 8 bits in CIMConv2d with axis 0!
I0918 23:03:40.662072 139930121959232 _utils.py:230] Output is fake quantized to 7 bits in CIMConv2d with axis None!
Output is fake quantized to 7 bits in CIMConv2d with axis None!
I0918 23:03:40.663959 139930121959232 _utils.py:224] Input is fake quantized to 8 bits in CIMConv2d with axis None!
Input is fake quantized to 8 bits in CIMConv2d with axis None!
I0918 23:03:40.664015 139930121959232 _utils.py:227] Weight is fake quantized to 8 bits in CIMConv2d with axis 0!
Weight is fake quantized to 8 bits in CIMConv2d with axis 0!
I0918 23:03:40.664046 139930121959232 _utils.py:230] Output is fake quantized to 7 bits in CIMConv2d with axis None!
Output is fake quantized to 7 bits in CIMConv2d with axis None!
I0918 23:03:40.666652 139930121959232 _utils.py:224] Input is fake quantized to 8 bits in CIMConv2d with axis None!
Input is fake quantized to 8 bits in CIMConv2d with axis None!
I0918 23:03:40.666708 139930121959232 _utils.py:227] Weight is fake quantized to 8 bits in CIMConv2d with axis 0!
Weight is fake quantized to 8 bits in CIMConv2d with axis 0!
I0918 23:03:40.666738 139930121959232 _utils.py:230] Output is fake quantized to 7 bits in CIMConv2d with axis None!
Output is fake quantized to 7 bits in CIMConv2d with axis None!
I0918 23:03:40.667990 139930121959232 _utils.py:224] Input is fake quantized to 8 bits in CIMConv2d with axis None!
Input is fake quantized to 8 bits in CIMConv2d with axis None!
I0918 23:03:40.668044 139930121959232 _utils.py:227] Weight is fake quantized to 8 bits in CIMConv2d with axis 0!
Weight is fake quantized to 8 bits in CIMConv2d with axis 0!
I0918 23:03:40.668074 139930121959232 _utils.py:230] Output is fake quantized to 7 bits in CIMConv2d with axis None!
Output is fake quantized to 7 bits in CIMConv2d with axis None!
I0918 23:03:40.670721 139930121959232 _utils.py:224] Input is fake quantized to 8 bits in CIMConv2d with axis None!
Input is fake quantized to 8 bits in CIMConv2d with axis None!
I0918 23:03:40.670777 139930121959232 _utils.py:227] Weight is fake quantized to 8 bits in CIMConv2d with axis 0!
Weight is fake quantized to 8 bits in CIMConv2d with axis 0!
I0918 23:03:40.670808 139930121959232 _utils.py:230] Output is fake quantized to 7 bits in CIMConv2d with axis None!
Output is fake quantized to 7 bits in CIMConv2d with axis None!
I0918 23:03:40.673454 139930121959232 _utils.py:224] Input is fake quantized to 8 bits in CIMConv2d with axis None!
Input is fake quantized to 8 bits in CIMConv2d with axis None!
I0918 23:03:40.673511 139930121959232 _utils.py:227] Weight is fake quantized to 8 bits in CIMConv2d with axis 0!
Weight is fake quantized to 8 bits in CIMConv2d with axis 0!
I0918 23:03:40.673542 139930121959232 _utils.py:230] Output is fake quantized to 7 bits in CIMConv2d with axis None!
Output is fake quantized to 7 bits in CIMConv2d with axis None!
I0918 23:03:40.677713 139930121959232 _utils.py:224] Input is fake quantized to 8 bits in CIMConv2d with axis None!
Input is fake quantized to 8 bits in CIMConv2d with axis None!
I0918 23:03:40.677770 139930121959232 _utils.py:227] Weight is fake quantized to 8 bits in CIMConv2d with axis 0!
Weight is fake quantized to 8 bits in CIMConv2d with axis 0!
I0918 23:03:40.677799 139930121959232 _utils.py:230] Output is fake quantized to 7 bits in CIMConv2d with axis None!
Output is fake quantized to 7 bits in CIMConv2d with axis None!
I0918 23:03:40.684995 139930121959232 _utils.py:224] Input is fake quantized to 8 bits in CIMConv2d with axis None!
Input is fake quantized to 8 bits in CIMConv2d with axis None!
I0918 23:03:40.685056 139930121959232 _utils.py:227] Weight is fake quantized to 8 bits in CIMConv2d with axis 0!
Weight is fake quantized to 8 bits in CIMConv2d with axis 0!
I0918 23:03:40.685086 139930121959232 _utils.py:230] Output is fake quantized to 7 bits in CIMConv2d with axis None!
Output is fake quantized to 7 bits in CIMConv2d with axis None!
I0918 23:03:40.686635 139930121959232 _utils.py:224] Input is fake quantized to 8 bits in CIMConv2d with axis None!
Input is fake quantized to 8 bits in CIMConv2d with axis None!
I0918 23:03:40.686689 139930121959232 _utils.py:227] Weight is fake quantized to 8 bits in CIMConv2d with axis 0!
Weight is fake quantized to 8 bits in CIMConv2d with axis 0!
I0918 23:03:40.686719 139930121959232 _utils.py:230] Output is fake quantized to 7 bits in CIMConv2d with axis None!
Output is fake quantized to 7 bits in CIMConv2d with axis None!
I0918 23:03:40.693939 139930121959232 _utils.py:224] Input is fake quantized to 8 bits in CIMConv2d with axis None!
Input is fake quantized to 8 bits in CIMConv2d with axis None!
I0918 23:03:40.693999 139930121959232 _utils.py:227] Weight is fake quantized to 8 bits in CIMConv2d with axis 0!
Weight is fake quantized to 8 bits in CIMConv2d with axis 0!
I0918 23:03:40.694031 139930121959232 _utils.py:230] Output is fake quantized to 7 bits in CIMConv2d with axis None!
Output is fake quantized to 7 bits in CIMConv2d with axis None!
I0918 23:03:40.702363 139930121959232 _utils.py:224] Input is fake quantized to 8 bits in CIMConv2d with axis None!
Input is fake quantized to 8 bits in CIMConv2d with axis None!
I0918 23:03:40.702426 139930121959232 _utils.py:227] Weight is fake quantized to 8 bits in CIMConv2d with axis 0!
Weight is fake quantized to 8 bits in CIMConv2d with axis 0!
I0918 23:03:40.702456 139930121959232 _utils.py:230] Output is fake quantized to 7 bits in CIMConv2d with axis None!
Output is fake quantized to 7 bits in CIMConv2d with axis None!
I0918 23:03:40.703611 139930121959232 _utils.py:305] Input is fake quantized to 8 bits in CIMAdaptiveAvgPool2d with axis None!
Input is fake quantized to 8 bits in CIMAdaptiveAvgPool2d with axis None!
I0918 23:03:40.704393 139930121959232 _utils.py:224] Input is fake quantized to 8 bits in CIMLinear with axis None!
Input is fake quantized to 8 bits in CIMLinear with axis None!
I0918 23:03:40.704443 139930121959232 _utils.py:227] Weight is fake quantized to 8 bits in CIMLinear with axis 0!
Weight is fake quantized to 8 bits in CIMLinear with axis 0!
I0918 23:03:40.704472 139930121959232 _utils.py:230] Output is fake quantized to 7 bits in CIMLinear with axis None!
Output is fake quantized to 7 bits in CIMLinear with axis None!
log/default/adc_axis=None/adc_calib_method=max/adc_enable=1/adc_precision=7/adc_quant_method=scale/batch_size=400/bitcell=1/calib_batch_size=128/dac_precision=1/dataset=cifar10/detect=0/hardware=1/input_axis=None/input_calib_method=max/input_precision=8/mem_states_file=mem_states.csv/mem_type=capacitive/mode=TensorRT/model=resnet18/num_batches=-1/off_state=0.006/on_state=1.02e-11/optimize_adc=0/output_noise=0.0/output_noise_file=/parallel_read=64/ppa=1/rate_stuck_0=0.0/rate_stuck_1=0.0/read_noise=0.0/seed=1234/sub_array=[4096, 64]/t=1/target=0.0/test_name=test/v=0.0/v_list=[0.005, 0.005, 0.005, 0.005, 0.005, 0.005, 0.005, 0.005]/vdd=1/weight_axis=0/weight_calib_method=max/weight_precision=8
=================FLAGS==================
dataset: cifar10
model: resnet18
data_path: ./datasets
model_path: ./models/
test_name: test
mode: TensorRT
gpu: 0
batch_size: 400
calib_batch_size: 128
seed: 1234
logdir: log/default/adc_axis=None/adc_calib_method=max/adc_enable=1/adc_precision=7/adc_quant_method=scale/batch_size=400/bitcell=1/calib_batch_size=128/dac_precision=1/dataset=cifar10/detect=0/hardware=1/input_axis=None/input_calib_method=max/input_precision=8/mem_states_file=mem_states.csv/mem_type=capacitive/mode=TensorRT/model=resnet18/num_batches=-1/off_state=0.006/on_state=1.02e-11/optimize_adc=0/output_noise=0.0/output_noise_file=/parallel_read=64/ppa=1/rate_stuck_0=0.0/rate_stuck_1=0.0/read_noise=0.0/seed=1234/sub_array=[4096, 64]/t=1/target=0.0/test_name=test/v=0.0/v_list=[0.005, 0.005, 0.005, 0.005, 0.005, 0.005, 0.005, 0.005]/vdd=1/weight_axis=0/weight_calib_method=max/weight_precision=8
hardware: 1
ppa: 1
num_batches: -1
sub_array: [4096, 64]
parallel_read: 64
weight_precision: 8
input_precision: 8
dac_precision: 1
adc_precision: 7
bitcell: 1
mem_type: capacitive
off_state: 0.006
on_state: 1.02e-11
mem_states_file: mem_states.csv
vdd: 1
read_noise: 0.0
output_noise: 0.0
output_noise_file: 
t: 1
v: 0.0
v_list: [0.005, 0.005, 0.005, 0.005, 0.005, 0.005, 0.005, 0.005]
detect: 0
target: 0.0
rate_stuck_0: 0.0
rate_stuck_1: 0.0
input_calib_method: max
weight_calib_method: max
adc_calib_method: max
input_axis: None
weight_axis: 0
adc_axis: None
adc_quant_method: scale
optimize_adc: 0
adc_enable: 1
logger: <bound method Logger.info of <pytorch_quantization.utils.misc.Logger object at 0x7f423bbf3e50>>
========================================

Running in-memory computing functional simulation of resnet18 on cifar10 dataset...
Building CIFAR-10 data loader with 1 workers
Building CIFAR-10 data loader with 1 workers

Loading pretrained model ./models/resnet18_cifar10.pth...
ResNet(
  (conv1): Sequential(
    (0): CIMConv2d(
      3, 64, kernel_size=(3, 3), stride=(1, 1), padding=(1, 1), bias=False
      (_input_quantizer): TensorQuantizer(8bit fake per-tensor amax=dynamic calibrator=MaxCalibrator scale=1.0 quant)
      (_weight_quantizer): TensorQuantizer(8bit fake axis=0 amax=dynamic calibrator=MaxCalibrator scale=1.0 quant)
      (_adc_quantizer): TensorQuantizer(unsigned 7bit fake per-tensor amax=dynamic calibrator=MaxCalibrator scale=1.0 quant)
    )
    (1): BatchNorm2d(64, eps=1e-05, momentum=0.1, affine=True, track_running_stats=True)
    (2): ReLU(inplace=True)
  )
  (conv2_x): Sequential(
    (0): BasicBlock(
      (residual_function): Sequential(
        (0): CIMConv2d(
          64, 64, kernel_size=(3, 3), stride=(1, 1), padding=(1, 1), bias=False
          (_input_quantizer): TensorQuantizer(8bit fake per-tensor amax=dynamic calibrator=MaxCalibrator scale=1.0 quant)
          (_weight_quantizer): TensorQuantizer(8bit fake axis=0 amax=dynamic calibrator=MaxCalibrator scale=1.0 quant)
          (_adc_quantizer): TensorQuantizer(unsigned 7bit fake per-tensor amax=dynamic calibrator=MaxCalibrator scale=1.0 quant)
        )
        (1): BatchNorm2d(64, eps=1e-05, momentum=0.1, affine=True, track_running_stats=True)
        (2): ReLU(inplace=True)
        (3): CIMConv2d(
          64, 64, kernel_size=(3, 3), stride=(1, 1), padding=(1, 1), bias=False
          (_input_quantizer): TensorQuantizer(8bit fake per-tensor amax=dynamic calibrator=MaxCalibrator scale=1.0 quant)
          (_weight_quantizer): TensorQuantizer(8bit fake axis=0 amax=dynamic calibrator=MaxCalibrator scale=1.0 quant)
          (_adc_quantizer): TensorQuantizer(unsigned 7bit fake per-tensor amax=dynamic calibrator=MaxCalibrator scale=1.0 quant)
        )
        (4): BatchNorm2d(64, eps=1e-05, momentum=0.1, affine=True, track_running_stats=True)
      )
      (shortcut): Sequential()
    )
    (1): BasicBlock(
      (residual_function): Sequential(
        (0): CIMConv2d(
          64, 64, kernel_size=(3, 3), stride=(1, 1), padding=(1, 1), bias=False
          (_input_quantizer): TensorQuantizer(8bit fake per-tensor amax=dynamic calibrator=MaxCalibrator scale=1.0 quant)
          (_weight_quantizer): TensorQuantizer(8bit fake axis=0 amax=dynamic calibrator=MaxCalibrator scale=1.0 quant)
          (_adc_quantizer): TensorQuantizer(unsigned 7bit fake per-tensor amax=dynamic calibrator=MaxCalibrator scale=1.0 quant)
        )
        (1): BatchNorm2d(64, eps=1e-05, momentum=0.1, affine=True, track_running_stats=True)
        (2): ReLU(inplace=True)
        (3): CIMConv2d(
          64, 64, kernel_size=(3, 3), stride=(1, 1), padding=(1, 1), bias=False
          (_input_quantizer): TensorQuantizer(8bit fake per-tensor amax=dynamic calibrator=MaxCalibrator scale=1.0 quant)
          (_weight_quantizer): TensorQuantizer(8bit fake axis=0 amax=dynamic calibrator=MaxCalibrator scale=1.0 quant)
          (_adc_quantizer): TensorQuantizer(unsigned 7bit fake per-tensor amax=dynamic calibrator=MaxCalibrator scale=1.0 quant)
        )
        (4): BatchNorm2d(64, eps=1e-05, momentum=0.1, affine=True, track_running_stats=True)
      )
      (shortcut): Sequential()
    )
  )
  (conv3_x): Sequential(
    (0): BasicBlock(
      (residual_function): Sequential(
        (0): CIMConv2d(
          64, 128, kernel_size=(3, 3), stride=(2, 2), padding=(1, 1), bias=False
          (_input_quantizer): TensorQuantizer(8bit fake per-tensor amax=dynamic calibrator=MaxCalibrator scale=1.0 quant)
          (_weight_quantizer): TensorQuantizer(8bit fake axis=0 amax=dynamic calibrator=MaxCalibrator scale=1.0 quant)
          (_adc_quantizer): TensorQuantizer(unsigned 7bit fake per-tensor amax=dynamic calibrator=MaxCalibrator scale=1.0 quant)
        )
        (1): BatchNorm2d(128, eps=1e-05, momentum=0.1, affine=True, track_running_stats=True)
        (2): ReLU(inplace=True)
        (3): CIMConv2d(
          128, 128, kernel_size=(3, 3), stride=(1, 1), padding=(1, 1), bias=False
          (_input_quantizer): TensorQuantizer(8bit fake per-tensor amax=dynamic calibrator=MaxCalibrator scale=1.0 quant)
          (_weight_quantizer): TensorQuantizer(8bit fake axis=0 amax=dynamic calibrator=MaxCalibrator scale=1.0 quant)
          (_adc_quantizer): TensorQuantizer(unsigned 7bit fake per-tensor amax=dynamic calibrator=MaxCalibrator scale=1.0 quant)
        )
        (4): BatchNorm2d(128, eps=1e-05, momentum=0.1, affine=True, track_running_stats=True)
      )
      (shortcut): Sequential(
        (0): CIMConv2d(
          64, 128, kernel_size=(1, 1), stride=(2, 2), bias=False
          (_input_quantizer): TensorQuantizer(8bit fake per-tensor amax=dynamic calibrator=MaxCalibrator scale=1.0 quant)
          (_weight_quantizer): TensorQuantizer(8bit fake axis=0 amax=dynamic calibrator=MaxCalibrator scale=1.0 quant)
          (_adc_quantizer): TensorQuantizer(unsigned 7bit fake per-tensor amax=dynamic calibrator=MaxCalibrator scale=1.0 quant)
        )
        (1): BatchNorm2d(128, eps=1e-05, momentum=0.1, affine=True, track_running_stats=True)
      )
    )
    (1): BasicBlock(
      (residual_function): Sequential(
        (0): CIMConv2d(
          128, 128, kernel_size=(3, 3), stride=(1, 1), padding=(1, 1), bias=False
          (_input_quantizer): TensorQuantizer(8bit fake per-tensor amax=dynamic calibrator=MaxCalibrator scale=1.0 quant)
          (_weight_quantizer): TensorQuantizer(8bit fake axis=0 amax=dynamic calibrator=MaxCalibrator scale=1.0 quant)
          (_adc_quantizer): TensorQuantizer(unsigned 7bit fake per-tensor amax=dynamic calibrator=MaxCalibrator scale=1.0 quant)
        )
        (1): BatchNorm2d(128, eps=1e-05, momentum=0.1, affine=True, track_running_stats=True)
        (2): ReLU(inplace=True)
        (3): CIMConv2d(
          128, 128, kernel_size=(3, 3), stride=(1, 1), padding=(1, 1), bias=False
          (_input_quantizer): TensorQuantizer(8bit fake per-tensor amax=dynamic calibrator=MaxCalibrator scale=1.0 quant)
          (_weight_quantizer): TensorQuantizer(8bit fake axis=0 amax=dynamic calibrator=MaxCalibrator scale=1.0 quant)
          (_adc_quantizer): TensorQuantizer(unsigned 7bit fake per-tensor amax=dynamic calibrator=MaxCalibrator scale=1.0 quant)
        )
        (4): BatchNorm2d(128, eps=1e-05, momentum=0.1, affine=True, track_running_stats=True)
      )
      (shortcut): Sequential()
    )
  )
  (conv4_x): Sequential(
    (0): BasicBlock(
      (residual_function): Sequential(
        (0): CIMConv2d(
          128, 256, kernel_size=(3, 3), stride=(2, 2), padding=(1, 1), bias=False
          (_input_quantizer): TensorQuantizer(8bit fake per-tensor amax=dynamic calibrator=MaxCalibrator scale=1.0 quant)
          (_weight_quantizer): TensorQuantizer(8bit fake axis=0 amax=dynamic calibrator=MaxCalibrator scale=1.0 quant)
          (_adc_quantizer): TensorQuantizer(unsigned 7bit fake per-tensor amax=dynamic calibrator=MaxCalibrator scale=1.0 quant)
        )
        (1): BatchNorm2d(256, eps=1e-05, momentum=0.1, affine=True, track_running_stats=True)
        (2): ReLU(inplace=True)
        (3): CIMConv2d(
          256, 256, kernel_size=(3, 3), stride=(1, 1), padding=(1, 1), bias=False
          (_input_quantizer): TensorQuantizer(8bit fake per-tensor amax=dynamic calibrator=MaxCalibrator scale=1.0 quant)
          (_weight_quantizer): TensorQuantizer(8bit fake axis=0 amax=dynamic calibrator=MaxCalibrator scale=1.0 quant)
          (_adc_quantizer): TensorQuantizer(unsigned 7bit fake per-tensor amax=dynamic calibrator=MaxCalibrator scale=1.0 quant)
        )
        (4): BatchNorm2d(256, eps=1e-05, momentum=0.1, affine=True, track_running_stats=True)
      )
      (shortcut): Sequential(
        (0): CIMConv2d(
          128, 256, kernel_size=(1, 1), stride=(2, 2), bias=False
          (_input_quantizer): TensorQuantizer(8bit fake per-tensor amax=dynamic calibrator=MaxCalibrator scale=1.0 quant)
          (_weight_quantizer): TensorQuantizer(8bit fake axis=0 amax=dynamic calibrator=MaxCalibrator scale=1.0 quant)
          (_adc_quantizer): TensorQuantizer(unsigned 7bit fake per-tensor amax=dynamic calibrator=MaxCalibrator scale=1.0 quant)
        )
        (1): BatchNorm2d(256, eps=1e-05, momentum=0.1, affine=True, track_running_stats=True)
      )
    )
    (1): BasicBlock(
      (residual_function): Sequential(
        (0): CIMConv2d(
          256, 256, kernel_size=(3, 3), stride=(1, 1), padding=(1, 1), bias=False
          (_input_quantizer): TensorQuantizer(8bit fake per-tensor amax=dynamic calibrator=MaxCalibrator scale=1.0 quant)
          (_weight_quantizer): TensorQuantizer(8bit fake axis=0 amax=dynamic calibrator=MaxCalibrator scale=1.0 quant)
          (_adc_quantizer): TensorQuantizer(unsigned 7bit fake per-tensor amax=dynamic calibrator=MaxCalibrator scale=1.0 quant)
        )
        (1): BatchNorm2d(256, eps=1e-05, momentum=0.1, affine=True, track_running_stats=True)
        (2): ReLU(inplace=True)
        (3): CIMConv2d(
          256, 256, kernel_size=(3, 3), stride=(1, 1), padding=(1, 1), bias=False
          (_input_quantizer): TensorQuantizer(8bit fake per-tensor amax=dynamic calibrator=MaxCalibrator scale=1.0 quant)
          (_weight_quantizer): TensorQuantizer(8bit fake axis=0 amax=dynamic calibrator=MaxCalibrator scale=1.0 quant)
          (_adc_quantizer): TensorQuantizer(unsigned 7bit fake per-tensor amax=dynamic calibrator=MaxCalibrator scale=1.0 quant)
        )
        (4): BatchNorm2d(256, eps=1e-05, momentum=0.1, affine=True, track_running_stats=True)
      )
      (shortcut): Sequential()
    )
  )
  (conv5_x): Sequential(
    (0): BasicBlock(
      (residual_function): Sequential(
        (0): CIMConv2d(
          256, 512, kernel_size=(3, 3), stride=(2, 2), padding=(1, 1), bias=False
          (_input_quantizer): TensorQuantizer(8bit fake per-tensor amax=dynamic calibrator=MaxCalibrator scale=1.0 quant)
          (_weight_quantizer): TensorQuantizer(8bit fake axis=0 amax=dynamic calibrator=MaxCalibrator scale=1.0 quant)
          (_adc_quantizer): TensorQuantizer(unsigned 7bit fake per-tensor amax=dynamic calibrator=MaxCalibrator scale=1.0 quant)
        )
        (1): BatchNorm2d(512, eps=1e-05, momentum=0.1, affine=True, track_running_stats=True)
        (2): ReLU(inplace=True)
        (3): CIMConv2d(
          512, 512, kernel_size=(3, 3), stride=(1, 1), padding=(1, 1), bias=False
          (_input_quantizer): TensorQuantizer(8bit fake per-tensor amax=dynamic calibrator=MaxCalibrator scale=1.0 quant)
          (_weight_quantizer): TensorQuantizer(8bit fake axis=0 amax=dynamic calibrator=MaxCalibrator scale=1.0 quant)
          (_adc_quantizer): TensorQuantizer(unsigned 7bit fake per-tensor amax=dynamic calibrator=MaxCalibrator scale=1.0 quant)
        )
        (4): BatchNorm2d(512, eps=1e-05, momentum=0.1, affine=True, track_running_stats=True)
      )
      (shortcut): Sequential(
        (0): CIMConv2d(
          256, 512, kernel_size=(1, 1), stride=(2, 2), bias=False
          (_input_quantizer): TensorQuantizer(8bit fake per-tensor amax=dynamic calibrator=MaxCalibrator scale=1.0 quant)
          (_weight_quantizer): TensorQuantizer(8bit fake axis=0 amax=dynamic calibrator=MaxCalibrator scale=1.0 quant)
          (_adc_quantizer): TensorQuantizer(unsigned 7bit fake per-tensor amax=dynamic calibrator=MaxCalibrator scale=1.0 quant)
        )
        (1): BatchNorm2d(512, eps=1e-05, momentum=0.1, affine=True, track_running_stats=True)
      )
    )
    (1): BasicBlock(
      (residual_function): Sequential(
        (0): CIMConv2d(
          512, 512, kernel_size=(3, 3), stride=(1, 1), padding=(1, 1), bias=False
          (_input_quantizer): TensorQuantizer(8bit fake per-tensor amax=dynamic calibrator=MaxCalibrator scale=1.0 quant)
          (_weight_quantizer): TensorQuantizer(8bit fake axis=0 amax=dynamic calibrator=MaxCalibrator scale=1.0 quant)
          (_adc_quantizer): TensorQuantizer(unsigned 7bit fake per-tensor amax=dynamic calibrator=MaxCalibrator scale=1.0 quant)
        )
        (1): BatchNorm2d(512, eps=1e-05, momentum=0.1, affine=True, track_running_stats=True)
        (2): ReLU(inplace=True)
        (3): CIMConv2d(
          512, 512, kernel_size=(3, 3), stride=(1, 1), padding=(1, 1), bias=False
          (_input_quantizer): TensorQuantizer(8bit fake per-tensor amax=dynamic calibrator=MaxCalibrator scale=1.0 quant)
          (_weight_quantizer): TensorQuantizer(8bit fake axis=0 amax=dynamic calibrator=MaxCalibrator scale=1.0 quant)
          (_adc_quantizer): TensorQuantizer(unsigned 7bit fake per-tensor amax=dynamic calibrator=MaxCalibrator scale=1.0 quant)
        )
        (4): BatchNorm2d(512, eps=1e-05, momentum=0.1, affine=True, track_running_stats=True)
      )
      (shortcut): Sequential()
    )
  )
  (avg_pool): CIMAdaptiveAvgPool2d(
    output_size=(1, 1)
    (_input_quantizer): TensorQuantizer(8bit fake per-tensor amax=dynamic calibrator=MaxCalibrator scale=1.0 quant)
  )
  (fc): CIMLinear(
    in_features=512, out_features=10, bias=True
    (_input_quantizer): TensorQuantizer(8bit fake per-tensor amax=dynamic calibrator=MaxCalibrator scale=1.0 quant)
    (_weight_quantizer): TensorQuantizer(8bit fake axis=0 amax=dynamic calibrator=MaxCalibrator scale=1.0 quant)
    (_adc_quantizer): TensorQuantizer(unsigned 7bit fake per-tensor amax=dynamic calibrator=MaxCalibrator scale=1.0 quant)
  )
)
Evaluating baseline model...


  0%|          | 0/1 [00:00<?, ?it/s]
  0%|          | 0/1 [00:00<?, ?it/s]
Test Accuracy of the model on 400 test images: 12.75 %
Average Test loss: 2.3037919998168945

--------------------------------------------
evaluation time: 0.39530444145202637
Quantizing inputs and weights...
Collecting histograms...


  0%|          | 0/2 [00:00<?, ?it/s]I0918 23:03:41.185583 139930121959232 max.py:61] Calibrator encountered negative values. It shouldn't happen after ReLU. Make sure this is the right tensor to calibrate.
Calibrator encountered negative values. It shouldn't happen after ReLU. Make sure this is the right tensor to calibrate.

100%|██████████| 2/2 [00:00<00:00, 23.24it/s]
W0918 23:03:41.257866 139930121959232 tensor_quantizer.py:239] Call .cuda() if running on GPU after loading calibrated amax.
Call .cuda() if running on GPU after loading calibrated amax.

Computing amax... 

Finished quantizing inputs and weights.
Evaluating input and weight quantized model...


  0%|          | 0/1 [00:00<?, ?it/s]
  0%|          | 0/1 [00:00<?, ?it/s]
I0918 23:03:41.376707 139930121959232 misc.py:32] Running inference with detailed hardware simulation...
Running inference with detailed hardware simulation...
Test Accuracy of the model on 400 test images: 12.5 %
Average Test loss: 2.303790330886841

--------------------------------------------
evaluation time: 0.08276152610778809

  0%|          | 0/25 [00:00<?, ?it/s]
  4%|▍         | 1/25 [00:11<04:38, 11.62s/it]
