/scratch/rxc5747/conda_envs/neurosim/lib/python3.11/site-packages/torchvision/datasets/cifar.py:83: VisibleDeprecationWarning: dtype(): align should be passed as Python or NumPy boolean but got `align=0`. Did you mean to pass a tuple to create a subarray type? (Deprecated NumPy 2.4)
  entry = pickle.load(f, encoding="latin1")
WARNING: Logging before flag parsing goes to stderr.
I0918 22:52:00.270639 140479145379648 _utils.py:224] Input is fake quantized to 8 bits in CIMConv2d with axis None!
Input is fake quantized to 8 bits in CIMConv2d with axis None!
I0918 22:52:00.270774 140479145379648 _utils.py:227] Weight is fake quantized to 8 bits in CIMConv2d with axis 0!
Weight is fake quantized to 8 bits in CIMConv2d with axis 0!
I0918 22:52:00.270816 140479145379648 _utils.py:230] Output is fake quantized to 7 bits in CIMConv2d with axis None!
Output is fake quantized to 7 bits in CIMConv2d with axis None!
I0918 22:52:00.292032 140479145379648 _utils.py:224] Input is fake quantized to 8 bits in CIMConv2d with axis None!
Input is fake quantized to 8 bits in CIMConv2d with axis None!
I0918 22:52:00.292141 140479145379648 _utils.py:227] Weight is fake quantized to 8 bits in CIMConv2d with axis 0!
Weight is fake quantized to 8 bits in CIMConv2d with axis 0!
I0918 22:52:00.292179 140479145379648 _utils.py:230] Output is fake quantized to 7 bits in CIMConv2d with axis None!
Output is fake quantized to 7 bits in CIMConv2d with axis None!
I0918 22:52:00.293512 140479145379648 _utils.py:224] Input is fake quantized to 8 bits in CIMConv2d with axis None!
Input is fake quantized to 8 bits in CIMConv2d with axis None!
I0918 22:52:00.293579 140479145379648 _utils.py:227] Weight is fake quantized to 8 bits in CIMConv2d with axis 0!
Weight is fake quantized to 8 bits in CIMConv2d with axis 0!
I0918 22:52:00.293624 140479145379648 _utils.py:230] Output is fake quantized to 7 bits in CIMConv2d with axis None!
Output is fake quantized to 7 bits in CIMConv2d with axis None!
I0918 22:52:00.295153 140479145379648 _utils.py:224] Input is fake quantized to 8 bits in CIMConv2d with axis None!
Input is fake quantized to 8 bits in CIMConv2d with axis None!
I0918 22:52:00.295209 140479145379648 _utils.py:227] Weight is fake quantized to 8 bits in CIMConv2d with axis 0!
Weight is fake quantized to 8 bits in CIMConv2d with axis 0!
I0918 22:52:00.295241 140479145379648 _utils.py:230] Output is fake quantized to 7 bits in CIMConv2d with axis None!
Output is fake quantized to 7 bits in CIMConv2d with axis None!
I0918 22:52:00.296458 140479145379648 _utils.py:224] Input is fake quantized to 8 bits in CIMConv2d with axis None!
Input is fake quantized to 8 bits in CIMConv2d with axis None!
I0918 22:52:00.296512 140479145379648 _utils.py:227] Weight is fake quantized to 8 bits in CIMConv2d with axis 0!
Weight is fake quantized to 8 bits in CIMConv2d with axis 0!
I0918 22:52:00.296543 140479145379648 _utils.py:230] Output is fake quantized to 7 bits in CIMConv2d with axis None!
Output is fake quantized to 7 bits in CIMConv2d with axis None!
I0918 22:52:00.297866 140479145379648 _utils.py:224] Input is fake quantized to 8 bits in CIMConv2d with axis None!
Input is fake quantized to 8 bits in CIMConv2d with axis None!
I0918 22:52:00.297927 140479145379648 _utils.py:227] Weight is fake quantized to 8 bits in CIMConv2d with axis 0!
Weight is fake quantized to 8 bits in CIMConv2d with axis 0!
I0918 22:52:00.297958 140479145379648 _utils.py:230] Output is fake quantized to 7 bits in CIMConv2d with axis None!
Output is fake quantized to 7 bits in CIMConv2d with axis None!
I0918 22:52:00.299432 140479145379648 _utils.py:224] Input is fake quantized to 8 bits in CIMConv2d with axis None!
Input is fake quantized to 8 bits in CIMConv2d with axis None!
I0918 22:52:00.299485 140479145379648 _utils.py:227] Weight is fake quantized to 8 bits in CIMConv2d with axis 0!
Weight is fake quantized to 8 bits in CIMConv2d with axis 0!
I0918 22:52:00.299516 140479145379648 _utils.py:230] Output is fake quantized to 7 bits in CIMConv2d with axis None!
Output is fake quantized to 7 bits in CIMConv2d with axis None!
I0918 22:52:00.300673 140479145379648 _utils.py:224] Input is fake quantized to 8 bits in CIMConv2d with axis None!
Input is fake quantized to 8 bits in CIMConv2d with axis None!
I0918 22:52:00.300728 140479145379648 _utils.py:227] Weight is fake quantized to 8 bits in CIMConv2d with axis 0!
Weight is fake quantized to 8 bits in CIMConv2d with axis 0!
I0918 22:52:00.300758 140479145379648 _utils.py:230] Output is fake quantized to 7 bits in CIMConv2d with axis None!
Output is fake quantized to 7 bits in CIMConv2d with axis None!
I0918 22:52:00.302304 140479145379648 _utils.py:224] Input is fake quantized to 8 bits in CIMConv2d with axis None!
Input is fake quantized to 8 bits in CIMConv2d with axis None!
I0918 22:52:00.302356 140479145379648 _utils.py:227] Weight is fake quantized to 8 bits in CIMConv2d with axis 0!
Weight is fake quantized to 8 bits in CIMConv2d with axis 0!
I0918 22:52:00.302386 140479145379648 _utils.py:230] Output is fake quantized to 7 bits in CIMConv2d with axis None!
Output is fake quantized to 7 bits in CIMConv2d with axis None!
I0918 22:52:00.303859 140479145379648 _utils.py:224] Input is fake quantized to 8 bits in CIMConv2d with axis None!
Input is fake quantized to 8 bits in CIMConv2d with axis None!
I0918 22:52:00.303918 140479145379648 _utils.py:227] Weight is fake quantized to 8 bits in CIMConv2d with axis 0!
Weight is fake quantized to 8 bits in CIMConv2d with axis 0!
I0918 22:52:00.303949 140479145379648 _utils.py:230] Output is fake quantized to 7 bits in CIMConv2d with axis None!
Output is fake quantized to 7 bits in CIMConv2d with axis None!
I0918 22:52:00.305829 140479145379648 _utils.py:224] Input is fake quantized to 8 bits in CIMConv2d with axis None!
Input is fake quantized to 8 bits in CIMConv2d with axis None!
I0918 22:52:00.305884 140479145379648 _utils.py:227] Weight is fake quantized to 8 bits in CIMConv2d with axis 0!
Weight is fake quantized to 8 bits in CIMConv2d with axis 0!
I0918 22:52:00.305924 140479145379648 _utils.py:230] Output is fake quantized to 7 bits in CIMConv2d with axis None!
Output is fake quantized to 7 bits in CIMConv2d with axis None!
I0918 22:52:00.308552 140479145379648 _utils.py:224] Input is fake quantized to 8 bits in CIMConv2d with axis None!
Input is fake quantized to 8 bits in CIMConv2d with axis None!
I0918 22:52:00.308608 140479145379648 _utils.py:227] Weight is fake quantized to 8 bits in CIMConv2d with axis 0!
Weight is fake quantized to 8 bits in CIMConv2d with axis 0!
I0918 22:52:00.308637 140479145379648 _utils.py:230] Output is fake quantized to 7 bits in CIMConv2d with axis None!
Output is fake quantized to 7 bits in CIMConv2d with axis None!
I0918 22:52:00.309897 140479145379648 _utils.py:224] Input is fake quantized to 8 bits in CIMConv2d with axis None!
Input is fake quantized to 8 bits in CIMConv2d with axis None!
I0918 22:52:00.309949 140479145379648 _utils.py:227] Weight is fake quantized to 8 bits in CIMConv2d with axis 0!
Weight is fake quantized to 8 bits in CIMConv2d with axis 0!
I0918 22:52:00.309979 140479145379648 _utils.py:230] Output is fake quantized to 7 bits in CIMConv2d with axis None!
Output is fake quantized to 7 bits in CIMConv2d with axis None!
I0918 22:52:00.312615 140479145379648 _utils.py:224] Input is fake quantized to 8 bits in CIMConv2d with axis None!
Input is fake quantized to 8 bits in CIMConv2d with axis None!
I0918 22:52:00.312669 140479145379648 _utils.py:227] Weight is fake quantized to 8 bits in CIMConv2d with axis 0!
Weight is fake quantized to 8 bits in CIMConv2d with axis 0!
I0918 22:52:00.312698 140479145379648 _utils.py:230] Output is fake quantized to 7 bits in CIMConv2d with axis None!
Output is fake quantized to 7 bits in CIMConv2d with axis None!
I0918 22:52:00.315339 140479145379648 _utils.py:224] Input is fake quantized to 8 bits in CIMConv2d with axis None!
Input is fake quantized to 8 bits in CIMConv2d with axis None!
I0918 22:52:00.315396 140479145379648 _utils.py:227] Weight is fake quantized to 8 bits in CIMConv2d with axis 0!
Weight is fake quantized to 8 bits in CIMConv2d with axis 0!
I0918 22:52:00.315424 140479145379648 _utils.py:230] Output is fake quantized to 7 bits in CIMConv2d with axis None!
Output is fake quantized to 7 bits in CIMConv2d with axis None!
I0918 22:52:00.319609 140479145379648 _utils.py:224] Input is fake quantized to 8 bits in CIMConv2d with axis None!
Input is fake quantized to 8 bits in CIMConv2d with axis None!
I0918 22:52:00.319665 140479145379648 _utils.py:227] Weight is fake quantized to 8 bits in CIMConv2d with axis 0!
Weight is fake quantized to 8 bits in CIMConv2d with axis 0!
I0918 22:52:00.319694 140479145379648 _utils.py:230] Output is fake quantized to 7 bits in CIMConv2d with axis None!
Output is fake quantized to 7 bits in CIMConv2d with axis None!
I0918 22:52:00.326896 140479145379648 _utils.py:224] Input is fake quantized to 8 bits in CIMConv2d with axis None!
Input is fake quantized to 8 bits in CIMConv2d with axis None!
I0918 22:52:00.326952 140479145379648 _utils.py:227] Weight is fake quantized to 8 bits in CIMConv2d with axis 0!
Weight is fake quantized to 8 bits in CIMConv2d with axis 0!
I0918 22:52:00.326981 140479145379648 _utils.py:230] Output is fake quantized to 7 bits in CIMConv2d with axis None!
Output is fake quantized to 7 bits in CIMConv2d with axis None!
I0918 22:52:00.328525 140479145379648 _utils.py:224] Input is fake quantized to 8 bits in CIMConv2d with axis None!
Input is fake quantized to 8 bits in CIMConv2d with axis None!
I0918 22:52:00.328579 140479145379648 _utils.py:227] Weight is fake quantized to 8 bits in CIMConv2d with axis 0!
Weight is fake quantized to 8 bits in CIMConv2d with axis 0!
I0918 22:52:00.328609 140479145379648 _utils.py:230] Output is fake quantized to 7 bits in CIMConv2d with axis None!
Output is fake quantized to 7 bits in CIMConv2d with axis None!
I0918 22:52:00.335821 140479145379648 _utils.py:224] Input is fake quantized to 8 bits in CIMConv2d with axis None!
Input is fake quantized to 8 bits in CIMConv2d with axis None!
I0918 22:52:00.335882 140479145379648 _utils.py:227] Weight is fake quantized to 8 bits in CIMConv2d with axis 0!
Weight is fake quantized to 8 bits in CIMConv2d with axis 0!
I0918 22:52:00.335921 140479145379648 _utils.py:230] Output is fake quantized to 7 bits in CIMConv2d with axis None!
Output is fake quantized to 7 bits in CIMConv2d with axis None!
I0918 22:52:00.343594 140479145379648 _utils.py:224] Input is fake quantized to 8 bits in CIMConv2d with axis None!
Input is fake quantized to 8 bits in CIMConv2d with axis None!
I0918 22:52:00.343656 140479145379648 _utils.py:227] Weight is fake quantized to 8 bits in CIMConv2d with axis 0!
Weight is fake quantized to 8 bits in CIMConv2d with axis 0!
I0918 22:52:00.343686 140479145379648 _utils.py:230] Output is fake quantized to 7 bits in CIMConv2d with axis None!
Output is fake quantized to 7 bits in CIMConv2d with axis None!
I0918 22:52:00.344841 140479145379648 _utils.py:305] Input is fake quantized to 8 bits in CIMAdaptiveAvgPool2d with axis None!
Input is fake quantized to 8 bits in CIMAdaptiveAvgPool2d with axis None!
I0918 22:52:00.345623 140479145379648 _utils.py:224] Input is fake quantized to 8 bits in CIMLinear with axis None!
Input is fake quantized to 8 bits in CIMLinear with axis None!
I0918 22:52:00.345672 140479145379648 _utils.py:227] Weight is fake quantized to 8 bits in CIMLinear with axis 0!
Weight is fake quantized to 8 bits in CIMLinear with axis 0!
I0918 22:52:00.345701 140479145379648 _utils.py:230] Output is fake quantized to 7 bits in CIMLinear with axis None!
Output is fake quantized to 7 bits in CIMLinear with axis None!
log/default/adc_axis=None/adc_calib_method=max/adc_enable=1/adc_precision=7/adc_quant_method=scale/batch_size=400/bitcell=1/calib_batch_size=128/dac_precision=1/dataset=cifar10/detect=0/hardware=1/input_axis=None/input_calib_method=max/input_precision=8/mem_states_file=mem_states.csv/mem_type=capacitive/mode=TensorRT/model=resnet18/num_batches=-1/off_state=0.006/on_state=1.02e-11/optimize_adc=0/output_noise=0.0/output_noise_file=/parallel_read=64/ppa=1/rate_stuck_0=0.0/rate_stuck_1=0.0/read_noise=0.0/seed=1234/sub_array=[4096, 64]/t=1/target=0.0/test_name=test/v=0.0/v_list=[0.005, 0.005, 0.005, 0.005, 0.005, 0.005, 0.005, 0.005]/vdd=1/weight_axis=0/weight_calib_method=max/weight_precision=8
=================FLAGS==================
dataset: cifar10
model: resnet18
data_path: ./datasets
model_path: ./models/
test_name: test
mode: TensorRT
gpu: 0
batch_size: 400
calib_batch_size: 128
seed: 1234
logdir: log/default/adc_axis=None/adc_calib_method=max/adc_enable=1/adc_precision=7/adc_quant_method=scale/batch_size=400/bitcell=1/calib_batch_size=128/dac_precision=1/dataset=cifar10/detect=0/hardware=1/input_axis=None/input_calib_method=max/input_precision=8/mem_states_file=mem_states.csv/mem_type=capacitive/mode=TensorRT/model=resnet18/num_batches=-1/off_state=0.006/on_state=1.02e-11/optimize_adc=0/output_noise=0.0/output_noise_file=/parallel_read=64/ppa=1/rate_stuck_0=0.0/rate_stuck_1=0.0/read_noise=0.0/seed=1234/sub_array=[4096, 64]/t=1/target=0.0/test_name=test/v=0.0/v_list=[0.005, 0.005, 0.005, 0.005, 0.005, 0.005, 0.005, 0.005]/vdd=1/weight_axis=0/weight_calib_method=max/weight_precision=8
hardware: 1
ppa: 1
num_batches: -1
sub_array: [4096, 64]
parallel_read: 64
weight_precision: 8
input_precision: 8
dac_precision: 1
adc_precision: 7
bitcell: 1
mem_type: capacitive
off_state: 0.006
on_state: 1.02e-11
mem_states_file: mem_states.csv
vdd: 1
read_noise: 0.0
output_noise: 0.0
output_noise_file: 
t: 1
v: 0.0
v_list: [0.005, 0.005, 0.005, 0.005, 0.005, 0.005, 0.005, 0.005]
detect: 0
target: 0.0
rate_stuck_0: 0.0
rate_stuck_1: 0.0
input_calib_method: max
weight_calib_method: max
adc_calib_method: max
input_axis: None
weight_axis: 0
adc_axis: None
adc_quant_method: scale
optimize_adc: 0
adc_enable: 1
logger: <bound method Logger.info of <pytorch_quantization.utils.misc.Logger object at 0x7fc2101e37d0>>
========================================

Running in-memory computing functional simulation of resnet18 on cifar10 dataset...
Building CIFAR-10 data loader with 1 workers
Building CIFAR-10 data loader with 1 workers

Loading pretrained model ./models/resnet18_cifar10.pth...
ResNet(
  (conv1): Sequential(
    (0): CIMConv2d(
      3, 64, kernel_size=(3, 3), stride=(1, 1), padding=(1, 1), bias=False
      (_input_quantizer): TensorQuantizer(8bit fake per-tensor amax=dynamic calibrator=MaxCalibrator scale=1.0 quant)
      (_weight_quantizer): TensorQuantizer(8bit fake axis=0 amax=dynamic calibrator=MaxCalibrator scale=1.0 quant)
      (_adc_quantizer): TensorQuantizer(unsigned 7bit fake per-tensor amax=dynamic calibrator=MaxCalibrator scale=1.0 quant)
    )
    (1): BatchNorm2d(64, eps=1e-05, momentum=0.1, affine=True, track_running_stats=True)
    (2): ReLU(inplace=True)
  )
  (conv2_x): Sequential(
    (0): BasicBlock(
      (residual_function): Sequential(
        (0): CIMConv2d(
          64, 64, kernel_size=(3, 3), stride=(1, 1), padding=(1, 1), bias=False
          (_input_quantizer): TensorQuantizer(8bit fake per-tensor amax=dynamic calibrator=MaxCalibrator scale=1.0 quant)
          (_weight_quantizer): TensorQuantizer(8bit fake axis=0 amax=dynamic calibrator=MaxCalibrator scale=1.0 quant)
          (_adc_quantizer): TensorQuantizer(unsigned 7bit fake per-tensor amax=dynamic calibrator=MaxCalibrator scale=1.0 quant)
        )
        (1): BatchNorm2d(64, eps=1e-05, momentum=0.1, affine=True, track_running_stats=True)
        (2): ReLU(inplace=True)
        (3): CIMConv2d(
          64, 64, kernel_size=(3, 3), stride=(1, 1), padding=(1, 1), bias=False
          (_input_quantizer): TensorQuantizer(8bit fake per-tensor amax=dynamic calibrator=MaxCalibrator scale=1.0 quant)
          (_weight_quantizer): TensorQuantizer(8bit fake axis=0 amax=dynamic calibrator=MaxCalibrator scale=1.0 quant)
          (_adc_quantizer): TensorQuantizer(unsigned 7bit fake per-tensor amax=dynamic calibrator=MaxCalibrator scale=1.0 quant)
        )
        (4): BatchNorm2d(64, eps=1e-05, momentum=0.1, affine=True, track_running_stats=True)
      )
      (shortcut): Sequential()
    )
    (1): BasicBlock(
      (residual_function): Sequential(
        (0): CIMConv2d(
          64, 64, kernel_size=(3, 3), stride=(1, 1), padding=(1, 1), bias=False
          (_input_quantizer): TensorQuantizer(8bit fake per-tensor amax=dynamic calibrator=MaxCalibrator scale=1.0 quant)
          (_weight_quantizer): TensorQuantizer(8bit fake axis=0 amax=dynamic calibrator=MaxCalibrator scale=1.0 quant)
          (_adc_quantizer): TensorQuantizer(unsigned 7bit fake per-tensor amax=dynamic calibrator=MaxCalibrator scale=1.0 quant)
        )
        (1): BatchNorm2d(64, eps=1e-05, momentum=0.1, affine=True, track_running_stats=True)
        (2): ReLU(inplace=True)
        (3): CIMConv2d(
          64, 64, kernel_size=(3, 3), stride=(1, 1), padding=(1, 1), bias=False
          (_input_quantizer): TensorQuantizer(8bit fake per-tensor amax=dynamic calibrator=MaxCalibrator scale=1.0 quant)
          (_weight_quantizer): TensorQuantizer(8bit fake axis=0 amax=dynamic calibrator=MaxCalibrator scale=1.0 quant)
          (_adc_quantizer): TensorQuantizer(unsigned 7bit fake per-tensor amax=dynamic calibrator=MaxCalibrator scale=1.0 quant)
        )
        (4): BatchNorm2d(64, eps=1e-05, momentum=0.1, affine=True, track_running_stats=True)
      )
      (shortcut): Sequential()
    )
  )
  (conv3_x): Sequential(
    (0): BasicBlock(
      (residual_function): Sequential(
        (0): CIMConv2d(
          64, 128, kernel_size=(3, 3), stride=(2, 2), padding=(1, 1), bias=False
          (_input_quantizer): TensorQuantizer(8bit fake per-tensor amax=dynamic calibrator=MaxCalibrator scale=1.0 quant)
          (_weight_quantizer): TensorQuantizer(8bit fake axis=0 amax=dynamic calibrator=MaxCalibrator scale=1.0 quant)
          (_adc_quantizer): TensorQuantizer(unsigned 7bit fake per-tensor amax=dynamic calibrator=MaxCalibrator scale=1.0 quant)
        )
        (1): BatchNorm2d(128, eps=1e-05, momentum=0.1, affine=True, track_running_stats=True)
        (2): ReLU(inplace=True)
        (3): CIMConv2d(
          128, 128, kernel_size=(3, 3), stride=(1, 1), padding=(1, 1), bias=False
          (_input_quantizer): TensorQuantizer(8bit fake per-tensor amax=dynamic calibrator=MaxCalibrator scale=1.0 quant)
          (_weight_quantizer): TensorQuantizer(8bit fake axis=0 amax=dynamic calibrator=MaxCalibrator scale=1.0 quant)
          (_adc_quantizer): TensorQuantizer(unsigned 7bit fake per-tensor amax=dynamic calibrator=MaxCalibrator scale=1.0 quant)
        )
        (4): BatchNorm2d(128, eps=1e-05, momentum=0.1, affine=True, track_running_stats=True)
      )
      (shortcut): Sequential(
        (0): CIMConv2d(
          64, 128, kernel_size=(1, 1), stride=(2, 2), bias=False
          (_input_quantizer): TensorQuantizer(8bit fake per-tensor amax=dynamic calibrator=MaxCalibrator scale=1.0 quant)
          (_weight_quantizer): TensorQuantizer(8bit fake axis=0 amax=dynamic calibrator=MaxCalibrator scale=1.0 quant)
          (_adc_quantizer): TensorQuantizer(unsigned 7bit fake per-tensor amax=dynamic calibrator=MaxCalibrator scale=1.0 quant)
        )
        (1): BatchNorm2d(128, eps=1e-05, momentum=0.1, affine=True, track_running_stats=True)
      )
    )
    (1): BasicBlock(
      (residual_function): Sequential(
        (0): CIMConv2d(
          128, 128, kernel_size=(3, 3), stride=(1, 1), padding=(1, 1), bias=False
          (_input_quantizer): TensorQuantizer(8bit fake per-tensor amax=dynamic calibrator=MaxCalibrator scale=1.0 quant)
          (_weight_quantizer): TensorQuantizer(8bit fake axis=0 amax=dynamic calibrator=MaxCalibrator scale=1.0 quant)
          (_adc_quantizer): TensorQuantizer(unsigned 7bit fake per-tensor amax=dynamic calibrator=MaxCalibrator scale=1.0 quant)
        )
        (1): BatchNorm2d(128, eps=1e-05, momentum=0.1, affine=True, track_running_stats=True)
        (2): ReLU(inplace=True)
        (3): CIMConv2d(
          128, 128, kernel_size=(3, 3), stride=(1, 1), padding=(1, 1), bias=False
          (_input_quantizer): TensorQuantizer(8bit fake per-tensor amax=dynamic calibrator=MaxCalibrator scale=1.0 quant)
          (_weight_quantizer): TensorQuantizer(8bit fake axis=0 amax=dynamic calibrator=MaxCalibrator scale=1.0 quant)
          (_adc_quantizer): TensorQuantizer(unsigned 7bit fake per-tensor amax=dynamic calibrator=MaxCalibrator scale=1.0 quant)
        )
        (4): BatchNorm2d(128, eps=1e-05, momentum=0.1, affine=True, track_running_stats=True)
      )
      (shortcut): Sequential()
    )
  )
  (conv4_x): Sequential(
    (0): BasicBlock(
      (residual_function): Sequential(
        (0): CIMConv2d(
          128, 256, kernel_size=(3, 3), stride=(2, 2), padding=(1, 1), bias=False
          (_input_quantizer): TensorQuantizer(8bit fake per-tensor amax=dynamic calibrator=MaxCalibrator scale=1.0 quant)
          (_weight_quantizer): TensorQuantizer(8bit fake axis=0 amax=dynamic calibrator=MaxCalibrator scale=1.0 quant)
          (_adc_quantizer): TensorQuantizer(unsigned 7bit fake per-tensor amax=dynamic calibrator=MaxCalibrator scale=1.0 quant)
        )
        (1): BatchNorm2d(256, eps=1e-05, momentum=0.1, affine=True, track_running_stats=True)
        (2): ReLU(inplace=True)
        (3): CIMConv2d(
          256, 256, kernel_size=(3, 3), stride=(1, 1), padding=(1, 1), bias=False
          (_input_quantizer): TensorQuantizer(8bit fake per-tensor amax=dynamic calibrator=MaxCalibrator scale=1.0 quant)
          (_weight_quantizer): TensorQuantizer(8bit fake axis=0 amax=dynamic calibrator=MaxCalibrator scale=1.0 quant)
          (_adc_quantizer): TensorQuantizer(unsigned 7bit fake per-tensor amax=dynamic calibrator=MaxCalibrator scale=1.0 quant)
        )
        (4): BatchNorm2d(256, eps=1e-05, momentum=0.1, affine=True, track_running_stats=True)
      )
      (shortcut): Sequential(
        (0): CIMConv2d(
          128, 256, kernel_size=(1, 1), stride=(2, 2), bias=False
          (_input_quantizer): TensorQuantizer(8bit fake per-tensor amax=dynamic calibrator=MaxCalibrator scale=1.0 quant)
          (_weight_quantizer): TensorQuantizer(8bit fake axis=0 amax=dynamic calibrator=MaxCalibrator scale=1.0 quant)
          (_adc_quantizer): TensorQuantizer(unsigned 7bit fake per-tensor amax=dynamic calibrator=MaxCalibrator scale=1.0 quant)
        )
        (1): BatchNorm2d(256, eps=1e-05, momentum=0.1, affine=True, track_running_stats=True)
      )
    )
    (1): BasicBlock(
      (residual_function): Sequential(
        (0): CIMConv2d(
          256, 256, kernel_size=(3, 3), stride=(1, 1), padding=(1, 1), bias=False
          (_input_quantizer): TensorQuantizer(8bit fake per-tensor amax=dynamic calibrator=MaxCalibrator scale=1.0 quant)
          (_weight_quantizer): TensorQuantizer(8bit fake axis=0 amax=dynamic calibrator=MaxCalibrator scale=1.0 quant)
          (_adc_quantizer): TensorQuantizer(unsigned 7bit fake per-tensor amax=dynamic calibrator=MaxCalibrator scale=1.0 quant)
        )
        (1): BatchNorm2d(256, eps=1e-05, momentum=0.1, affine=True, track_running_stats=True)
        (2): ReLU(inplace=True)
        (3): CIMConv2d(
          256, 256, kernel_size=(3, 3), stride=(1, 1), padding=(1, 1), bias=False
          (_input_quantizer): TensorQuantizer(8bit fake per-tensor amax=dynamic calibrator=MaxCalibrator scale=1.0 quant)
          (_weight_quantizer): TensorQuantizer(8bit fake axis=0 amax=dynamic calibrator=MaxCalibrator scale=1.0 quant)
          (_adc_quantizer): TensorQuantizer(unsigned 7bit fake per-tensor amax=dynamic calibrator=MaxCalibrator scale=1.0 quant)
        )
        (4): BatchNorm2d(256, eps=1e-05, momentum=0.1, affine=True, track_running_stats=True)
      )
      (shortcut): Sequential()
    )
  )
  (conv5_x): Sequential(
    (0): BasicBlock(
      (residual_function): Sequential(
        (0): CIMConv2d(
          256, 512, kernel_size=(3, 3), stride=(2, 2), padding=(1, 1), bias=False
          (_input_quantizer): TensorQuantizer(8bit fake per-tensor amax=dynamic calibrator=MaxCalibrator scale=1.0 quant)
          (_weight_quantizer): TensorQuantizer(8bit fake axis=0 amax=dynamic calibrator=MaxCalibrator scale=1.0 quant)
          (_adc_quantizer): TensorQuantizer(unsigned 7bit fake per-tensor amax=dynamic calibrator=MaxCalibrator scale=1.0 quant)
        )
        (1): BatchNorm2d(512, eps=1e-05, momentum=0.1, affine=True, track_running_stats=True)
        (2): ReLU(inplace=True)
        (3): CIMConv2d(
          512, 512, kernel_size=(3, 3), stride=(1, 1), padding=(1, 1), bias=False
          (_input_quantizer): TensorQuantizer(8bit fake per-tensor amax=dynamic calibrator=MaxCalibrator scale=1.0 quant)
          (_weight_quantizer): TensorQuantizer(8bit fake axis=0 amax=dynamic calibrator=MaxCalibrator scale=1.0 quant)
          (_adc_quantizer): TensorQuantizer(unsigned 7bit fake per-tensor amax=dynamic calibrator=MaxCalibrator scale=1.0 quant)
        )
        (4): BatchNorm2d(512, eps=1e-05, momentum=0.1, affine=True, track_running_stats=True)
      )
      (shortcut): Sequential(
        (0): CIMConv2d(
          256, 512, kernel_size=(1, 1), stride=(2, 2), bias=False
          (_input_quantizer): TensorQuantizer(8bit fake per-tensor amax=dynamic calibrator=MaxCalibrator scale=1.0 quant)
          (_weight_quantizer): TensorQuantizer(8bit fake axis=0 amax=dynamic calibrator=MaxCalibrator scale=1.0 quant)
          (_adc_quantizer): TensorQuantizer(unsigned 7bit fake per-tensor amax=dynamic calibrator=MaxCalibrator scale=1.0 quant)
        )
        (1): BatchNorm2d(512, eps=1e-05, momentum=0.1, affine=True, track_running_stats=True)
      )
    )
    (1): BasicBlock(
      (residual_function): Sequential(
        (0): CIMConv2d(
          512, 512, kernel_size=(3, 3), stride=(1, 1), padding=(1, 1), bias=False
          (_input_quantizer): TensorQuantizer(8bit fake per-tensor amax=dynamic calibrator=MaxCalibrator scale=1.0 quant)
          (_weight_quantizer): TensorQuantizer(8bit fake axis=0 amax=dynamic calibrator=MaxCalibrator scale=1.0 quant)
          (_adc_quantizer): TensorQuantizer(unsigned 7bit fake per-tensor amax=dynamic calibrator=MaxCalibrator scale=1.0 quant)
        )
        (1): BatchNorm2d(512, eps=1e-05, momentum=0.1, affine=True, track_running_stats=True)
        (2): ReLU(inplace=True)
        (3): CIMConv2d(
          512, 512, kernel_size=(3, 3), stride=(1, 1), padding=(1, 1), bias=False
          (_input_quantizer): TensorQuantizer(8bit fake per-tensor amax=dynamic calibrator=MaxCalibrator scale=1.0 quant)
          (_weight_quantizer): TensorQuantizer(8bit fake axis=0 amax=dynamic calibrator=MaxCalibrator scale=1.0 quant)
          (_adc_quantizer): TensorQuantizer(unsigned 7bit fake per-tensor amax=dynamic calibrator=MaxCalibrator scale=1.0 quant)
        )
        (4): BatchNorm2d(512, eps=1e-05, momentum=0.1, affine=True, track_running_stats=True)
      )
      (shortcut): Sequential()
    )
  )
  (avg_pool): CIMAdaptiveAvgPool2d(
    output_size=(1, 1)
    (_input_quantizer): TensorQuantizer(8bit fake per-tensor amax=dynamic calibrator=MaxCalibrator scale=1.0 quant)
  )
  (fc): CIMLinear(
    in_features=512, out_features=10, bias=True
    (_input_quantizer): TensorQuantizer(8bit fake per-tensor amax=dynamic calibrator=MaxCalibrator scale=1.0 quant)
    (_weight_quantizer): TensorQuantizer(8bit fake axis=0 amax=dynamic calibrator=MaxCalibrator scale=1.0 quant)
    (_adc_quantizer): TensorQuantizer(unsigned 7bit fake per-tensor amax=dynamic calibrator=MaxCalibrator scale=1.0 quant)
  )
)
Evaluating baseline model...


  0%|          | 0/1 [00:00<?, ?it/s]
  0%|          | 0/1 [00:00<?, ?it/s]
Test Accuracy of the model on 400 test images: 12.75 %
Average Test loss: 2.3037919998168945

--------------------------------------------
evaluation time: 0.3965284824371338
Quantizing inputs and weights...
Collecting histograms...


  0%|          | 0/2 [00:00<?, ?it/s]I0918 22:52:00.828643 140479145379648 max.py:61] Calibrator encountered negative values. It shouldn't happen after ReLU. Make sure this is the right tensor to calibrate.
Calibrator encountered negative values. It shouldn't happen after ReLU. Make sure this is the right tensor to calibrate.

100%|██████████| 2/2 [00:00<00:00, 21.96it/s]
W0918 22:52:00.901282 140479145379648 tensor_quantizer.py:239] Call .cuda() if running on GPU after loading calibrated amax.
Call .cuda() if running on GPU after loading calibrated amax.

Computing amax... 

Finished quantizing inputs and weights.
Evaluating input and weight quantized model...


  0%|          | 0/1 [00:00<?, ?it/s]
  0%|          | 0/1 [00:00<?, ?it/s]
I0918 22:52:01.021299 140479145379648 misc.py:32] Running inference with detailed hardware simulation...
Running inference with detailed hardware simulation...
Test Accuracy of the model on 400 test images: 12.5 %
Average Test loss: 2.303790330886841

--------------------------------------------
evaluation time: 0.08331799507141113

  0%|          | 0/25 [00:00<?, ?it/s]
  4%|▍         | 1/25 [00:11<04:38, 11.59s/it]
